<html>
<body>
<pre>
<h1>µVision Build Log</h1>
<h2>Tool Versions:</h2>
IDE-Version: •ÏVision V5.24.2.0
Copyright (C) 2017 ARM Ltd and ARM Germany GmbH. All rights reserved.
License Information: Sujin Nam, d, LIC=65ISB-2X7CV-BSPYX-HVHN4-U6XJJ-2TQ6R
 
Tool Versions:
Toolchain:       MDK-ARM Plus  Version: 5.24.1
Toolchain Path:  D:\Keil_v5\ARM\ARMCC\Bin
C Compiler:      Armcc.exe V5.06 update 5 (build 528)
Assembler:       Armasm.exe V5.06 update 5 (build 528)
Linker/Locator:  ArmLink.exe V5.06 update 5 (build 528)
Library Manager: ArmAr.exe V5.06 update 5 (build 528)
Hex Converter:   FromElf.exe V5.06 update 5 (build 528)
CPU DLL:         SARMCM3.DLL V5.24.1
Dialog DLL:      DCM.DLL V1.16.0.0
Target DLL:      STLink\ST-LINKIII-KEIL_SWO.dll V3.0.1.0
Dialog DLL:      TCM.DLL V1.32.0.0
 
<h2>Project:</h2>
D:\MyData\backup\study\firmware\MP3 Player\MP3_Player\MDK-ARM\MP3_Player.uvprojx
Project File Date:  02/15/2018

<h2>Output:</h2>
*** Using Compiler 'V5.06 update 5 (build 528)', folder: 'D:\Keil_v5\ARM\ARMCC\Bin'
Build target 'MP3_Player'
compiling freertos.c...
../Src/freertos.c(187): warning:  #223-D: function "_ExecCalibration" declared implicitly
  	_ExecCalibration();
../Src/freertos.c(341): warning:  #188-D: enumerated type mixed with another type
  	ret = Sound_Init(path);
../Src/freertos.c(353): warning:  #167-D: argument of type "uint8_t *" is incompatible with parameter of type "char *restrict"
  				sprintf(temp,"Init error: %d  ", sd_error_test);
../Src/freertos.c(359): warning:  #167-D: argument of type "uint8_t *" is incompatible with parameter of type "char *restrict"
  				sprintf(temp,"Init error: %d  ", sd_error_test);
../Src/freertos.c(391): warning:  #167-D: argument of type "uint8_t *" is incompatible with parameter of type "char *restrict"
  				sprintf(temp,"Init error: %d  ", sd_error_test);
../Src/freertos.c(397): warning:  #167-D: argument of type "uint8_t *" is incompatible with parameter of type "char *restrict"
  				sprintf(temp,"Init error: %d  ", sd_error_test);
../Src/freertos.c: 6 warnings, 0 errors
linking...
Program Size: Code=82384 RO-data=9168 RW-data=916 ZI-data=33724  
"MP3_Player\MP3_Player.axf" - 0 Error(s), 6 Warning(s).

<h2>Software Packages used:</h2>

Package Vendor: ARM
                http://www.keil.com/pack/ARM.CMSIS.5.2.0.pack
                ARM.CMSIS.5.2.0
                CMSIS (Cortex Microcontroller Software Interface Standard)
   * Component: CORE Version: 5.0.2

Package Vendor: Keil
                http://www.keil.com/pack/Keil.STM32F4xx_DFP.2.11.0.pack
                Keil.STM32F4xx_DFP.2.11.0
                STMicroelectronics STM32F4 Series Device Support, Drivers and Examples

<h2>Collection of Component include folders:</h2>
  .\RTE\_MP3_Player
  D:\Keil_v5\ARM\PACK\ARM\CMSIS\5.2.0\CMSIS\Include
  D:\Keil_v5\ARM\PACK\Keil\STM32F4xx_DFP\2.11.0\Drivers\CMSIS\Device\ST\STM32F4xx\Include

<h2>Collection of Component Files used:</h2>

   * Component: ARM::CMSIS:CORE:5.0.2
Build Time Elapsed:  00:00:07
</pre>
</body>
</html>
