Component: ARM Compiler 5.06 update 5 (build 528) Tool: armlink [4d35e2]

==============================================================================

Section Cross References

    event_groups.o(i.vEventGroupClearBitsCallback) refers to event_groups.o(i.xEventGroupClearBits) for xEventGroupClearBits
    event_groups.o(i.vEventGroupDelete) refers to tasks.o(i.vTaskSuspendAll) for vTaskSuspendAll
    event_groups.o(i.vEventGroupDelete) refers to tasks.o(i.xTaskRemoveFromUnorderedEventList) for xTaskRemoveFromUnorderedEventList
    event_groups.o(i.vEventGroupDelete) refers to heap_4.o(i.vPortFree) for vPortFree
    event_groups.o(i.vEventGroupDelete) refers to tasks.o(i.xTaskResumeAll) for xTaskResumeAll
    event_groups.o(i.vEventGroupSetBitsCallback) refers to event_groups.o(i.xEventGroupSetBits) for xEventGroupSetBits
    event_groups.o(i.xEventGroupClearBits) refers to port.o(i.vPortEnterCritical) for vPortEnterCritical
    event_groups.o(i.xEventGroupClearBits) refers to port.o(i.vPortExitCritical) for vPortExitCritical
    event_groups.o(i.xEventGroupCreate) refers to heap_4.o(i.pvPortMalloc) for pvPortMalloc
    event_groups.o(i.xEventGroupCreate) refers to list.o(i.vListInitialise) for vListInitialise
    event_groups.o(i.xEventGroupSetBits) refers to tasks.o(i.vTaskSuspendAll) for vTaskSuspendAll
    event_groups.o(i.xEventGroupSetBits) refers to tasks.o(i.xTaskRemoveFromUnorderedEventList) for xTaskRemoveFromUnorderedEventList
    event_groups.o(i.xEventGroupSetBits) refers to tasks.o(i.xTaskResumeAll) for xTaskResumeAll
    event_groups.o(i.xEventGroupSync) refers to tasks.o(i.xTaskGetSchedulerState) for xTaskGetSchedulerState
    event_groups.o(i.xEventGroupSync) refers to tasks.o(i.vTaskSuspendAll) for vTaskSuspendAll
    event_groups.o(i.xEventGroupSync) refers to event_groups.o(i.xEventGroupSetBits) for xEventGroupSetBits
    event_groups.o(i.xEventGroupSync) refers to tasks.o(i.vTaskPlaceOnUnorderedEventList) for vTaskPlaceOnUnorderedEventList
    event_groups.o(i.xEventGroupSync) refers to tasks.o(i.xTaskResumeAll) for xTaskResumeAll
    event_groups.o(i.xEventGroupSync) refers to tasks.o(i.uxTaskResetEventItemValue) for uxTaskResetEventItemValue
    event_groups.o(i.xEventGroupSync) refers to port.o(i.vPortEnterCritical) for vPortEnterCritical
    event_groups.o(i.xEventGroupSync) refers to port.o(i.vPortExitCritical) for vPortExitCritical
    event_groups.o(i.xEventGroupWaitBits) refers to tasks.o(i.xTaskGetSchedulerState) for xTaskGetSchedulerState
    event_groups.o(i.xEventGroupWaitBits) refers to tasks.o(i.vTaskSuspendAll) for vTaskSuspendAll
    event_groups.o(i.xEventGroupWaitBits) refers to event_groups.o(i.prvTestWaitCondition) for prvTestWaitCondition
    event_groups.o(i.xEventGroupWaitBits) refers to tasks.o(i.vTaskPlaceOnUnorderedEventList) for vTaskPlaceOnUnorderedEventList
    event_groups.o(i.xEventGroupWaitBits) refers to tasks.o(i.xTaskResumeAll) for xTaskResumeAll
    event_groups.o(i.xEventGroupWaitBits) refers to tasks.o(i.uxTaskResetEventItemValue) for uxTaskResetEventItemValue
    event_groups.o(i.xEventGroupWaitBits) refers to port.o(i.vPortEnterCritical) for vPortEnterCritical
    event_groups.o(i.xEventGroupWaitBits) refers to port.o(i.vPortExitCritical) for vPortExitCritical
    tasks.o(i.eTaskGetState) refers to port.o(i.vPortEnterCritical) for vPortEnterCritical
    tasks.o(i.eTaskGetState) refers to port.o(i.vPortExitCritical) for vPortExitCritical
    tasks.o(i.eTaskGetState) refers to tasks.o(.data) for .data
    tasks.o(i.eTaskGetState) refers to tasks.o(.bss) for .bss
    tasks.o(i.pcTaskGetName) refers to tasks.o(.data) for .data
    tasks.o(i.prvAddCurrentTaskToDelayedList) refers to list.o(i.uxListRemove) for uxListRemove
    tasks.o(i.prvAddCurrentTaskToDelayedList) refers to list.o(i.vListInsertEnd) for vListInsertEnd
    tasks.o(i.prvAddCurrentTaskToDelayedList) refers to list.o(i.vListInsert) for vListInsert
    tasks.o(i.prvAddCurrentTaskToDelayedList) refers to tasks.o(.data) for .data
    tasks.o(i.prvAddCurrentTaskToDelayedList) refers to tasks.o(.bss) for .bss
    tasks.o(i.prvAddNewTaskToReadyList) refers to port.o(i.vPortEnterCritical) for vPortEnterCritical
    tasks.o(i.prvAddNewTaskToReadyList) refers to list.o(i.vListInitialise) for vListInitialise
    tasks.o(i.prvAddNewTaskToReadyList) refers to list.o(i.vListInsertEnd) for vListInsertEnd
    tasks.o(i.prvAddNewTaskToReadyList) refers to port.o(i.vPortExitCritical) for vPortExitCritical
    tasks.o(i.prvAddNewTaskToReadyList) refers to tasks.o(.data) for .data
    tasks.o(i.prvAddNewTaskToReadyList) refers to tasks.o(.bss) for .bss
    tasks.o(i.prvCheckTasksWaitingTermination) refers to tasks.o(i.vTaskSuspendAll) for vTaskSuspendAll
    tasks.o(i.prvCheckTasksWaitingTermination) refers to tasks.o(i.xTaskResumeAll) for xTaskResumeAll
    tasks.o(i.prvCheckTasksWaitingTermination) refers to port.o(i.vPortEnterCritical) for vPortEnterCritical
[...]
    0x080086c2   0x080086c2   0x00000026   Code   RO         7819    i.LISTBOX_SetOwnerDraw  uCGUI.lib(listbox_setownerdraw.o)
    0x080086e8   0x080086e8   0x000000b2   Code   RO         7462    i.LISTBOX_SetSel    uCGUI.lib(listbox.o)
    0x0800879a   0x0800879a   0x0000003a   Code   RO         7463    i.LISTBOX_SetText   uCGUI.lib(listbox.o)
    0x080087d4   0x080087d4   0x00000012   Code   RO         7464    i.LISTBOX_UpdateScrollers  uCGUI.lib(listbox.o)
    0x080087e6   0x080087e6   0x0000000e   Code   RO         7465    i.LISTBOX__GetNumItems  uCGUI.lib(listbox.o)
    0x080087f4   0x080087f4   0x00000020   Code   RO         7466    i.LISTBOX__GetpString  uCGUI.lib(listbox.o)
    0x08008814   0x08008814   0x00000016   Code   RO         7467    i.LISTBOX__InvalidateInsideArea  uCGUI.lib(listbox.o)
    0x0800882a   0x0800882a   0x0000005c   Code   RO         7468    i.LISTBOX__InvalidateItem  uCGUI.lib(listbox.o)
    0x08008886   0x08008886   0x00000042   Code   RO         7469    i.LISTBOX__InvalidateItemAndBelow  uCGUI.lib(listbox.o)
    0x080088c8   0x080088c8   0x0000001c   Code   RO         7470    i.LISTBOX__InvalidateItemSize  uCGUI.lib(listbox.o)
    0x080088e4   0x080088e4   0x0000003c   Code   RO         7471    i.LISTBOX__SetScrollbarWidth  uCGUI.lib(listbox.o)
    0x08008920   0x08008920   0x00000028   Code   RO         2412    i.MP3_FindStartPos  audiofilehandle.o
    0x08008948   0x08008948   0x0000005c   Code   RO         3111    i.MX_DMA_Init       dma.o
    0x080089a4   0x080089a4   0x0000001c   Code   RO         3070    i.MX_FATFS_Init     fatfs.o
    0x080089c0   0x080089c0   0x0000005c   Code   RO         2676    i.MX_FREERTOS_Init  freertos.o
    0x08008a1c   0x08008a1c   0x00000078   Code   RO         2483    i.MX_FSMC_Init      fsmc.o
    0x08008a94   0x08008a94   0x00000140   Code   RO         2456    i.MX_GPIO_Init      gpio.o
    0x08008bd4   0x08008bd4   0x00000020   Code   RO         3024    i.MX_SDIO_SD_Init   sdio.o
    0x08008bf4   0x08008bf4   0x0000005c   Code   RO         2624    i.MX_SPI1_Init      spi.o
    0x08008c50   0x08008c50   0x0000005c   Code   RO         2625    i.MX_SPI2_Init      spi.o
    0x08008cac   0x08008cac   0x0000005c   Code   RO         2626    i.MX_SPI3_Init      spi.o
    0x08008d08   0x08008d08   0x00000004   Code   RO         2167    i.MemAlloc          soundhandle.o
    0x08008d0c   0x08008d0c   0x00000002   Code   RO         2535    i.MemManage_Handler  stm32f4xx_it.o
    0x08008d0e   0x08008d0e   0x00000002   Code   RO         2536    i.NMI_Handler       stm32f4xx_it.o
    0x08008d10   0x08008d10   0x00000020   Code   RO         4694    i.NVIC_SetPriority  stm32f4xx_hal_cortex.o
    0x08008d30   0x08008d30   0x00000056   Code   RO         1364    i.PutChar           glcd.o
    0x08008d86   0x08008d86   0x00000002   PAD
    0x08008d88   0x08008d88   0x00000044   Code   RO         1674    i.RD_AD             touchpanel.o
    0x08008dcc   0x08008dcc   0x00000130   Code   RO         1675    i.Read_Ads7846      touchpanel.o
    0x08008efc   0x08008efc   0x00000038   Code   RO         1676    i.Read_X            touchpanel.o
    0x08008f34   0x08008f34   0x00000038   Code   RO         1677    i.Read_Y            touchpanel.o
    0x08008f6c   0x08008f6c   0x0000000c   Code   RO         8083    i.ResetNextDrawWin  uCGUI.lib(wm.o)
    0x08008f78   0x08008f78   0x00000024   Code   RO         9602    i.SCROLLBAR_AddValue  uCGUI.lib(scrollbar.o)
    0x08008f9c   0x08008f9c   0x00000042   Code   RO         7953    i.SCROLLBAR_CreateAttached  uCGUI.lib(scrollbar_create.o)
    0x08008fde   0x08008fde   0x00000002   PAD
    0x08008fe0   0x08008fe0   0x00000110   Code   RO         9603    i.SCROLLBAR_CreateEx  uCGUI.lib(scrollbar.o)
    0x080090f0   0x080090f0   0x00000010   Code   RO         9604    i.SCROLLBAR_Dec     uCGUI.lib(scrollbar.o)
    0x08009100   0x08009100   0x0000000c   Code   RO         9725    i.SCROLLBAR_GetDefaultWidth  uCGUI.lib(scrollbar_defaults.o)
    0x0800910c   0x0800910c   0x0000000e   Code   RO         9605    i.SCROLLBAR_Inc     uCGUI.lib(scrollbar.o)
    0x0800911a   0x0800911a   0x0000004c   Code   RO         9609    i.SCROLLBAR_SetValue  uCGUI.lib(scrollbar.o)
    0x08009166   0x08009166   0x00000026   Code   RO         9769    i.SCROLLBAR_SetWidth  uCGUI.lib(scrollbar_setwidth.o)
    0x0800918c   0x0800918c   0x00000020   Code   RO         9610    i.SCROLLBAR__InvalidatePartner  uCGUI.lib(scrollbar.o)
    0x080091ac   0x080091ac   0x00000024   Code   RO         5027    i.SDIO_ConfigData   stm32f4xx_ll_sdmmc.o
    0x080091d0   0x080091d0   0x00000008   Code   RO         5031    i.SDIO_GetPowerState  stm32f4xx_ll_sdmmc.o
    0x080091d8   0x080091d8   0x0000000c   Code   RO         5032    i.SDIO_GetResponse  stm32f4xx_ll_sdmmc.o
    0x080091e4   0x080091e4   0x0000000c   Code   RO         2537    i.SDIO_IRQHandler   stm32f4xx_it.o
    0x080091f0   0x080091f0   0x00000024   Code   RO         5033    i.SDIO_Init         stm32f4xx_ll_sdmmc.o
    0x08009214   0x08009214   0x00000008   Code   RO         5035    i.SDIO_PowerState_ON  stm32f4xx_ll_sdmmc.o
    0x0800921c   0x0800921c   0x00000006   Code   RO         5036    i.SDIO_ReadFIFO     stm32f4xx_ll_sdmmc.o
    0x08009222   0x08009222   0x00000020   Code   RO         5037    i.SDIO_SendCommand  stm32f4xx_ll_sdmmc.o
    0x08009242   0x08009242   0x0000000a   Code   RO         5039    i.SDIO_WriteFIFO    stm32f4xx_ll_sdmmc.o
    0x0800924c   0x0800924c   0x00000032   Code   RO         5040    i.SDMMC_CmdAppCommand  stm32f4xx_ll_sdmmc.o
    0x0800927e   0x0800927e   0x00000002   PAD
    0x08009280   0x08009280   0x00000034   Code   RO         5041    i.SDMMC_CmdAppOperCommand  stm32f4xx_ll_sdmmc.o
    0x080092b4   0x080092b4   0x00000032   Code   RO         5042    i.SDMMC_CmdBlockLength  stm32f4xx_ll_sdmmc.o
    0x080092e6   0x080092e6   0x00000032   Code   RO         5043    i.SDMMC_CmdBusWidth  stm32f4xx_ll_sdmmc.o
    0x08009318   0x08009318   0x00000050   Code   RO         5047    i.SDMMC_CmdGoIdleState  stm32f4xx_ll_sdmmc.o
    0x08009368   0x08009368   0x00000068   Code   RO         5049    i.SDMMC_CmdOperCond  stm32f4xx_ll_sdmmc.o
    0x080093d0   0x080093d0   0x00000032   Code   RO         5050    i.SDMMC_CmdReadMultiBlock  stm32f4xx_ll_sdmmc.o
    0x08009402   0x08009402   0x00000040   Code   RO         5051    i.SDMMC_CmdReadSingleBlock  stm32f4xx_ll_sdmmc.o
    0x08009442   0x08009442   0x00000032   Code   RO         5054    i.SDMMC_CmdSelDesel  stm32f4xx_ll_sdmmc.o
    0x08009474   0x08009474   0x0000002c   Code   RO         5055    i.SDMMC_CmdSendCID  stm32f4xx_ll_sdmmc.o
    0x080094a0   0x080094a0   0x0000002c   Code   RO         5056    i.SDMMC_CmdSendCSD  stm32f4xx_ll_sdmmc.o
    0x080094cc   0x080094cc   0x00000030   Code   RO         5057    i.SDMMC_CmdSendSCR  stm32f4xx_ll_sdmmc.o
    0x080094fc   0x080094fc   0x00000032   Code   RO         5058    i.SDMMC_CmdSendStatus  stm32f4xx_ll_sdmmc.o
    0x0800952e   0x0800952e   0x00000030   Code   RO         5059    i.SDMMC_CmdSetRelAdd  stm32f4xx_ll_sdmmc.o
    0x0800955e   0x0800955e   0x00000002   PAD
    0x08009560   0x08009560   0x00000034   Code   RO         5061    i.SDMMC_CmdStopTransfer  stm32f4xx_ll_sdmmc.o
    0x08009594   0x08009594   0x00000032   Code   RO         5062    i.SDMMC_CmdSwitch   stm32f4xx_ll_sdmmc.o
    0x080095c6   0x080095c6   0x00000032   Code   RO         5063    i.SDMMC_CmdWriteMultiBlock  stm32f4xx_ll_sdmmc.o
    0x080095f8   0x080095f8   0x00000032   Code   RO         5064    i.SDMMC_CmdWriteSingleBlock  stm32f4xx_ll_sdmmc.o
    0x0800962a   0x0800962a   0x00000002   PAD
    0x0800962c   0x0800962c   0x0000011c   Code   RO         5065    i.SDMMC_GetCmdResp1  stm32f4xx_ll_sdmmc.o
    0x08009748   0x08009748   0x00000050   Code   RO         5066    i.SDMMC_GetCmdResp2  stm32f4xx_ll_sdmmc.o
    0x08009798   0x08009798   0x00000040   Code   RO         5067    i.SDMMC_GetCmdResp3  stm32f4xx_ll_sdmmc.o
    0x080097d8   0x080097d8   0x00000084   Code   RO         5068    i.SDMMC_GetCmdResp6  stm32f4xx_ll_sdmmc.o
    0x0800985c   0x0800985c   0x00000020   Code   RO         3139    i.SD_CheckStatus    sd_diskio.o
    0x0800987c   0x0800987c   0x00000056   Code   RO         5318    i.SD_DMAError       stm32f4xx_hal_sd.o
    0x080098d2   0x080098d2   0x0000003e   Code   RO         5319    i.SD_DMAReceiveCplt  stm32f4xx_hal_sd.o
    0x08009910   0x08009910   0x00000048   Code   RO         5320    i.SD_DMARxAbort     stm32f4xx_hal_sd.o
    0x08009958   0x08009958   0x0000000e   Code   RO         5321    i.SD_DMATransmitCplt  stm32f4xx_hal_sd.o
    0x08009966   0x08009966   0x00000048   Code   RO         5322    i.SD_DMATxAbort     stm32f4xx_hal_sd.o
    0x080099ae   0x080099ae   0x000000d4   Code   RO         5323    i.SD_FindSCR        stm32f4xx_hal_sd.o
    0x08009a82   0x08009a82   0x000000e6   Code   RO         5324    i.SD_InitCard       stm32f4xx_hal_sd.o
    0x08009b68   0x08009b68   0x00000018   Code   RO         3140    i.SD_Msg_Init       sd_diskio.o
    0x08009b80   0x08009b80   0x000000a2   Code   RO         5325    i.SD_PowerON        stm32f4xx_hal_sd.o
    0x08009c22   0x08009c22   0x0000004e   Code   RO         5327    i.SD_WideBus_Disable  stm32f4xx_hal_sd.o
    0x08009c70   0x08009c70   0x0000004e   Code   RO         5328    i.SD_WideBus_Enable  stm32f4xx_hal_sd.o
    0x08009cbe   0x08009cbe   0x00000018   Code   RO         3141    i.SD_initialize     sd_diskio.o
    0x08009cd6   0x08009cd6   0x00000002   PAD
    0x08009cd8   0x08009cd8   0x00000050   Code   RO         3142    i.SD_ioctl          sd_diskio.o
    0x08009d28   0x08009d28   0x00000074   Code   RO         3143    i.SD_read           sd_diskio.o
    0x08009d9c   0x08009d9c   0x00000004   Code   RO         3144    i.SD_status         sd_diskio.o
    0x08009da0   0x08009da0   0x00000054   Code   RO         3145    i.SD_write          sd_diskio.o
    0x08009df4   0x08009df4   0x0000002e   Code   RO         8071    i.SLIDER_Create     uCGUI.lib(slider_create.o)
    0x08009e22   0x08009e22   0x00000002   PAD
    0x08009e24   0x08009e24   0x00000094   Code   RO         7970    i.SLIDER_CreateEx   uCGUI.lib(slider.o)
    0x08009eb8   0x08009eb8   0x00000034   Code   RO         7971    i.SLIDER_Dec        uCGUI.lib(slider.o)
    0x08009eec   0x08009eec   0x0000001e   Code   RO         7972    i.SLIDER_GetValue   uCGUI.lib(slider.o)
    0x08009f0a   0x08009f0a   0x00000034   Code   RO         7973    i.SLIDER_Inc        uCGUI.lib(slider.o)
    0x08009f3e   0x08009f3e   0x00000038   Code   RO         7974    i.SLIDER_SetBkColor  uCGUI.lib(slider.o)
    0x08009f76   0x08009f76   0x00000028   Code   RO         7976    i.SLIDER_SetNumTicks  uCGUI.lib(slider.o)
    0x08009f9e   0x08009f9e   0x00000042   Code   RO         7977    i.SLIDER_SetRange   uCGUI.lib(slider.o)
    0x08009fe0   0x08009fe0   0x00000040   Code   RO         7978    i.SLIDER_SetValue   uCGUI.lib(slider.o)
    0x0800a020   0x0800a020   0x00000020   Code   RO         3763    i.SPI_CheckFlag_BSY  stm32f4xx_hal_spi.o
    0x0800a040   0x0800a040   0x00000022   Code   RO         3768    i.SPI_DMAError      stm32f4xx_hal_spi.o
    0x0800a062   0x0800a062   0x0000000a   Code   RO         3770    i.SPI_DMAHalfTransmitCplt  stm32f4xx_hal_spi.o
    0x0800a06c   0x0800a06c   0x0000005a   Code   RO         3774    i.SPI_DMATransmitCplt  stm32f4xx_hal_spi.o
    0x0800a0c6   0x0800a0c6   0x00000096   Code   RO         3781    i.SPI_WaitFlagStateUntilTimeout  stm32f4xx_hal_spi.o
    0x0800a15c   0x0800a15c   0x0000000c   Code   RO         2168    i.SetPlayState      soundhandle.o
    0x0800a168   0x0800a168   0x000001a8   Code   RO         2169    i.Sound_Buffering   soundhandle.o
    0x0800a310   0x0800a310   0x0000007c   Code   RO         2170    i.Sound_ControlVolume  soundhandle.o
    0x0800a38c   0x0800a38c   0x0000001c   Code   RO         2171    i.Sound_Deinit      soundhandle.o
    0x0800a3a8   0x0800a3a8   0x0000000c   Code   RO         2172    i.Sound_GetVolume   soundhandle.o
    0x0800a3b4   0x0800a3b4   0x00000120   Code   RO         2173    i.Sound_Init        soundhandle.o
    0x0800a4d4   0x0800a4d4   0x00000138   Code   RO         2174    i.Sound_PlayStart   soundhandle.o
    0x0800a60c   0x0800a60c   0x00000078   Code   RO         2175    i.Sound_Playing     soundhandle.o
    0x0800a684   0x0800a684   0x00000014   Code   RO         2176    i.Sound_ReqEnd      soundhandle.o
    0x0800a698   0x0800a698   0x00000068   Code   RO         2177    i.Sound_SetVolume   soundhandle.o
    0x0800a700   0x0800a700   0x00000258   Code   RO         2678    i.StartFileTask     freertos.o
    0x0800a958   0x0800a958   0x00000200   Code   RO         2679    i.StartGuiTask      freertos.o
    0x0800ab58   0x0800ab58   0x0000002c   Code   RO         2680    i.StartSoundTask    freertos.o
    0x0800ab84   0x0800ab84   0x0000000c   Code   RO         2681    i.StartTouchTask    freertos.o
    0x0800ab90   0x0800ab90   0x0000000e   Code   RO         2538    i.SysTick_Handler   stm32f4xx_it.o
    0x0800ab9e   0x0800ab9e   0x00000002   PAD
    0x0800aba0   0x0800aba0   0x000000a0   Code   RO         2846    i.SystemClock_Config  main.o
    0x0800ac40   0x0800ac40   0x00000054   Code   RO         3369    i.SystemInit        system_stm32f4xx.o
    0x0800ac94   0x0800ac94   0x0000001c   Code   RO         1679    i.TP_GetAdXY        touchpanel.o
    0x0800acb0   0x0800acb0   0x0000007c   Code   RO         3237    i.ToDownDir         filehandle.o
    0x0800ad2c   0x0800ad2c   0x00000038   Code   RO         3238    i.ToSelecteDir      filehandle.o
    0x0800ad64   0x0800ad64   0x00000074   Code   RO         3239    i.ToUpperDir        filehandle.o
    0x0800add8   0x0800add8   0x0000005c   Code   RO         3240    i.UpdateList        filehandle.o
    0x0800ae34   0x0800ae34   0x00000002   Code   RO         2539    i.UsageFault_Handler  stm32f4xx_it.o
    0x0800ae36   0x0800ae36   0x00000002   PAD
    0x0800ae38   0x0800ae38   0x0000000c   Code   RO         3025    i.User_LinkDmaHandle  sdio.o
    0x0800ae44   0x0800ae44   0x00000028   Code   RO         3241    i.User_f_close      filehandle.o
    0x0800ae6c   0x0800ae6c   0x0000002c   Code   RO         3242    i.User_f_lseek      filehandle.o
    0x0800ae98   0x0800ae98   0x00000034   Code   RO         3243    i.User_f_open       filehandle.o
    0x0800aecc   0x0800aecc   0x00000038   Code   RO         3244    i.User_f_read       filehandle.o
    0x0800af04   0x0800af04   0x0000005c   Code   RO         1987    i.VS1003_BufferZero  vs1003.o
    0x0800af60   0x0800af60   0x00000044   Code   RO         1989    i.VS1003_Init       vs1003.o
    0x0800afa4   0x0800afa4   0x00000070   Code   RO         1992    i.VS1003_ReadReg    vs1003.o
    0x0800b014   0x0800b014   0x00000044   Code   RO         1994    i.VS1003_Reset      vs1003.o
    0x0800b058   0x0800b058   0x00000016   Code   RO         1995    i.VS1003_ResetDecodeTime  vs1003.o
    0x0800b06e   0x0800b06e   0x00000002   PAD
    0x0800b070   0x0800b070   0x00000030   Code   RO         1996    i.VS1003_SPI_ReadWriteByte  vs1003.o
    0x0800b0a0   0x0800b0a0   0x00000018   Code   RO         1997    i.VS1003_SPI_SetSpeed  vs1003.o
    0x0800b0b8   0x0800b0b8   0x0000015c   Code   RO         1999    i.VS1003_SineTest   vs1003.o
    0x0800b214   0x0800b214   0x000000e8   Code   RO         2000    i.VS1003_SoftReset  vs1003.o
    0x0800b2fc   0x0800b2fc   0x0000004c   Code   RO         2003    i.VS1003_WriteData_DMA  vs1003.o
    0x0800b348   0x0800b348   0x0000006c   Code   RO         2005    i.VS1003_WriteReg   vs1003.o
    0x0800b3b4   0x0800b3b4   0x00000034   Code   RO         9781    i.WIDGET_AndState   uCGUI.lib(widget.o)
    0x0800b3e8   0x0800b3e8   0x00000010   Code   RO        11089    i.WIDGET_EFFECT_3D_DrawUp  uCGUI.lib(widget_effect_3d.o)
    0x0800b3f8   0x0800b3f8   0x000000fa   Code   RO         9784    i.WIDGET_HandleActive  uCGUI.lib(widget.o)
    0x0800b4f2   0x0800b4f2   0x00000030   Code   RO         9785    i.WIDGET_OrState    uCGUI.lib(widget.o)
    0x0800b522   0x0800b522   0x00000026   Code   RO         9787    i.WIDGET_SetState   uCGUI.lib(widget.o)
    0x0800b548   0x0800b548   0x00000040   Code   RO        11134    i.WIDGET_SetWidth   uCGUI.lib(widget_setwidth.o)
    0x0800b588   0x0800b588   0x00000026   Code   RO         9788    i.WIDGET__DrawFocusRect  uCGUI.lib(widget.o)
    0x0800b5ae   0x0800b5ae   0x00000056   Code   RO         9789    i.WIDGET__DrawVLine  uCGUI.lib(widget.o)
    0x0800b604   0x0800b604   0x0000000e   Code   RO         9790    i.WIDGET__EFFECT_DrawDown  uCGUI.lib(widget.o)
    0x0800b612   0x0800b612   0x00000038   Code   RO         9791    i.WIDGET__EFFECT_DrawDownRect  uCGUI.lib(widget.o)
    0x0800b64a   0x0800b64a   0x0000002e   Code   RO         9792    i.WIDGET__EFFECT_DrawUpRect  uCGUI.lib(widget.o)
    0x0800b678   0x0800b678   0x00000024   Code   RO         9793    i.WIDGET__FillRectEx  uCGUI.lib(widget.o)
    0x0800b69c   0x0800b69c   0x00000114   Code   RO         9976    i.WIDGET__FillStringInRect  uCGUI.lib(widget_fillstringinrect.o)
    0x0800b7b0   0x0800b7b0   0x00000036   Code   RO         9795    i.WIDGET__GetClientRect  uCGUI.lib(widget.o)
    0x0800b7e6   0x0800b7e6   0x0000001c   Code   RO         9796    i.WIDGET__GetInsideRect  uCGUI.lib(widget.o)
    0x0800b802   0x0800b802   0x00000024   Code   RO         9797    i.WIDGET__GetWindowSizeX  uCGUI.lib(widget.o)
    0x0800b826   0x0800b826   0x00000024   Code   RO         9798    i.WIDGET__GetXSize  uCGUI.lib(widget.o)
    0x0800b84a   0x0800b84a   0x00000024   Code   RO         9799    i.WIDGET__GetYSize  uCGUI.lib(widget.o)
    0x0800b86e   0x0800b86e   0x00000002   PAD
    0x0800b870   0x0800b870   0x00000014   Code   RO         9800    i.WIDGET__Init      uCGUI.lib(widget.o)
    0x0800b884   0x0800b884   0x0000002a   Code   RO         9801    i.WIDGET__RotateRect90  uCGUI.lib(widget.o)
    0x0800b8ae   0x0800b8ae   0x00000032   Code   RO         9802    i.WIDGET__SetScrollState  uCGUI.lib(widget.o)
    0x0800b8e0   0x0800b8e0   0x0000000c   Code   RO         8084    i.WM_Activate       uCGUI.lib(wm.o)
    0x0800b8ec   0x0800b8ec   0x00000050   Code   RO        10012    i.WM_BringToBottom  uCGUI.lib(wm_bringtobottom.o)
    0x0800b93c   0x0800b93c   0x00000014   Code   RO         8391    i.WM_BringToTop     uCGUI.lib(wm_bringtotop.o)
    0x0800b950   0x0800b950   0x00000020   Code   RO        10024    i.WM_CheckScrollBounds  uCGUI.lib(wm_checkscrollpos.o)
    0x0800b970   0x0800b970   0x0000003c   Code   RO        10332    i.WM_ClrHasTrans    uCGUI.lib(wm_settrans.o)
    0x0800b9ac   0x0800b9ac   0x0000002c   Code   RO         8085    i.WM_CreateWindow   uCGUI.lib(wm.o)
    0x0800b9d8   0x0800b9d8   0x0000012c   Code   RO         8086    i.WM_CreateWindowAsChild  uCGUI.lib(wm.o)
    0x0800bb04   0x0800bb04   0x0000001c   Code   RO         8087    i.WM_Deactivate     uCGUI.lib(wm.o)
    0x0800bb20   0x0800bb20   0x00000066   Code   RO         8088    i.WM_DefaultProc    uCGUI.lib(wm.o)
    0x0800bb86   0x0800bb86   0x00000002   PAD
    0x0800bb88   0x0800bb88   0x000000cc   Code   RO         8089    i.WM_DeleteWindow   uCGUI.lib(wm.o)
    0x0800bc54   0x0800bc54   0x00000014   Code   RO         8090    i.WM_Exec           uCGUI.lib(wm.o)
    0x0800bc68   0x0800bc68   0x0000005c   Code   RO         8091    i.WM_Exec1          uCGUI.lib(wm.o)
    0x0800bcc4   0x0800bcc4   0x0000001c   Code   RO        10066    i.WM_ForEachDesc    uCGUI.lib(wm_foreachdesc.o)
    0x0800bce0   0x0800bce0   0x0000000c   Code   RO         8092    i.WM_GetActiveWindow  uCGUI.lib(wm.o)
    0x0800bcec   0x0800bcec   0x00000034   Code   RO        10078    i.WM_GetClientRect  uCGUI.lib(wm_getclientrect.o)
    0x0800bd20   0x0800bd20   0x00000024   Code   RO        10079    i.WM_GetClientRectEx  uCGUI.lib(wm_getclientrect.o)
    0x0800bd44   0x0800bd44   0x0000000c   Code   RO         8418    i.WM_GetDesktopWindow  uCGUI.lib(wm_getdesktopwindow.o)
    0x0800bd50   0x0800bd50   0x00000020   Code   RO        10096    i.WM_GetDialogItem  uCGUI.lib(wm_getdialogitem.o)
    0x0800bd70   0x0800bd70   0x0000001c   Code   RO        11236    i.WM_GetFlags       uCGUI.lib(wm_getflags.o)
    0x0800bd8c   0x0800bd8c   0x00000022   Code   RO        10333    i.WM_GetHasTrans    uCGUI.lib(wm_settrans.o)
    0x0800bdae   0x0800bdae   0x00000014   Code   RO        11248    i.WM_GetId          uCGUI.lib(wm_getid.o)
    0x0800bdc2   0x0800bdc2   0x00000002   PAD
    0x0800bdc4   0x0800bdc4   0x00000018   Code   RO         8434    i.WM_GetInsideRect  uCGUI.lib(wm_getinsiderect.o)
    0x0800bddc   0x0800bddc   0x00000016   Code   RO         8435    i.WM_GetInsideRectEx  uCGUI.lib(wm_getinsiderect.o)
    0x0800bdf2   0x0800bdf2   0x000000be   Code   RO        10125    i.WM_GetInsideRectExScrollbar  uCGUI.lib(wm_getinsiderectexscrollbar.o)
    0x0800beb0   0x0800beb0   0x0000001c   Code   RO        10137    i.WM_GetParent      uCGUI.lib(wm_getparent.o)
    0x0800becc   0x0800becc   0x0000002a   Code   RO        11260    i.WM_GetScrollPartner  uCGUI.lib(wm_getscrollpartner.o)
    0x0800bef6   0x0800bef6   0x00000016   Code   RO        10167    i.WM_GetScrollState  uCGUI.lib(wm_getscrollstate.o)
    0x0800bf0c   0x0800bf0c   0x0000000e   Code   RO        10149    i.WM_GetScrollbarH  uCGUI.lib(wm_getscrollbar.o)
    0x0800bf1a   0x0800bf1a   0x0000000e   Code   RO        10150    i.WM_GetScrollbarV  uCGUI.lib(wm_getscrollbar.o)
    0x0800bf28   0x0800bf28   0x00000028   Code   RO        11273    i.WM_GetWindowRectEx  uCGUI.lib(wm_getwindowrect.o)
    0x0800bf50   0x0800bf50   0x00000028   Code   RO        10179    i.WM_GetWindowSizeX  uCGUI.lib(wm_getwindowsize.o)
    0x0800bf78   0x0800bf78   0x00000028   Code   RO        10180    i.WM_GetWindowSizeY  uCGUI.lib(wm_getwindowsize.o)
    0x0800bfa0   0x0800bfa0   0x00000164   Code   RO        10368    i.WM_HandlePID      uCGUI.lib(wmtouch.o)
    0x0800c104   0x0800c104   0x00000018   Code   RO         8452    i.WM_HasFocus       uCGUI.lib(wm_hasfocus.o)
    0x0800c11c   0x0800c11c   0x00000038   Code   RO         8464    i.WM_HideWindow     uCGUI.lib(wm_hide.o)
    0x0800c154   0x0800c154   0x0000009c   Code   RO         8093    i.WM_Init           uCGUI.lib(wm.o)
    0x0800c1f0   0x0800c1f0   0x00000030   Code   RO         8094    i.WM_InvalidateArea  uCGUI.lib(wm.o)
    0x0800c220   0x0800c220   0x00000070   Code   RO         8095    i.WM_InvalidateRect  uCGUI.lib(wm.o)
    0x0800c290   0x0800c290   0x0000000e   Code   RO         8096    i.WM_InvalidateWindow  uCGUI.lib(wm.o)
    0x0800c29e   0x0800c29e   0x00000020   Code   RO        10214    i.WM_IsFocussable   uCGUI.lib(wm_isfocussable.o)
    0x0800c2be   0x0800c2be   0x00000018   Code   RO        11290    i.WM_IsWindow       uCGUI.lib(wm_iswindow.o)
    0x0800c2d6   0x0800c2d6   0x0000001c   Code   RO        11550    i.WM_MoveWindow     uCGUI.lib(wm_move.o)
    0x0800c2f2   0x0800c2f2   0x00000016   Code   RO        10226    i.WM_NotifyParent   uCGUI.lib(wm_notifyparent.o)
    0x0800c308   0x0800c308   0x00000040   Code   RO        10238    i.WM_OnKey          uCGUI.lib(wm_onkey.o)
    0x0800c348   0x0800c348   0x00000010   Code   RO        10262    i.WM_ReleaseCapture  uCGUI.lib(wm_setcapture.o)
    0x0800c358   0x0800c358   0x000000f2   Code   RO        11584    i.WM_ResizeWindow   uCGUI.lib(wm_resizewindow.o)
    0x0800c44a   0x0800c44a   0x00000002   PAD
    0x0800c44c   0x0800c44c   0x00000028   Code   RO        11302    i.WM_Screen2hWin    uCGUI.lib(wm_screen2win.o)
    0x0800c474   0x0800c474   0x00000044   Code   RO         8097    i.WM_SelectWindow   uCGUI.lib(wm.o)
    0x0800c4b8   0x0800c4b8   0x00000028   Code   RO         8098    i.WM_SendMessage    uCGUI.lib(wm.o)
    0x0800c4e0   0x0800c4e0   0x00000018   Code   RO        11331    i.WM_SendMessageNoPara  uCGUI.lib(wm_sendmessagenopara.o)
    0x0800c4f8   0x0800c4f8   0x00000028   Code   RO        10250    i.WM_SendToParent   uCGUI.lib(wm_sendtoparent.o)
    0x0800c520   0x0800c520   0x00000030   Code   RO        10263    i.WM_SetCapture     uCGUI.lib(wm_setcapture.o)
    0x0800c550   0x0800c550   0x00000014   Code   RO         8099    i.WM_SetDefault     uCGUI.lib(wm.o)
    0x0800c564   0x0800c564   0x000000b0   Code   RO        10285    i.WM_SetFocus       uCGUI.lib(wm_setfocus.o)
    0x0800c614   0x0800c614   0x0000003c   Code   RO        10334    i.WM_SetHasTrans    uCGUI.lib(wm_settrans.o)
    0x0800c650   0x0800c650   0x0000001c   Code   RO        11343    i.WM_SetScrollState  uCGUI.lib(wm_setscrollstate.o)
    0x0800c66c   0x0800c66c   0x00000016   Code   RO        10026    i.WM_SetScrollValue  uCGUI.lib(wm_checkscrollpos.o)
    0x0800c682   0x0800c682   0x0000001c   Code   RO        10297    i.WM_SetScrollbarH  uCGUI.lib(wm_setscrollbar.o)
    0x0800c69e   0x0800c69e   0x0000001c   Code   RO        10298    i.WM_SetScrollbarV  uCGUI.lib(wm_setscrollbar.o)
    0x0800c6ba   0x0800c6ba   0x00000002   PAD
    0x0800c6bc   0x0800c6bc   0x00000020   Code   RO        10356    i.WM_SetUserClipRect  uCGUI.lib(wm_setusercliprect.o)
    0x0800c6dc   0x0800c6dc   0x0000004a   Code   RO        11618    i.WM_SetXSize       uCGUI.lib(wm_setxsize.o)
    0x0800c726   0x0800c726   0x0000004a   Code   RO        11630    i.WM_SetYSize       uCGUI.lib(wm_setysize.o)
    0x0800c770   0x0800c770   0x00000050   Code   RO         8100    i.WM__ActivateClipRect  uCGUI.lib(wm.o)
    0x0800c7c0   0x0800c7c0   0x00000010   Code   RO        10048    i.WM__AddCriticalHandle  uCGUI.lib(wm_criticalhandle.o)
    0x0800c7d0   0x0800c7d0   0x00000016   Code   RO         8101    i.WM__Client2Screen  uCGUI.lib(wm.o)
    0x0800c7e6   0x0800c7e6   0x00000044   Code   RO         8102    i.WM__ClipAtParentBorders  uCGUI.lib(wm.o)
    0x0800c82a   0x0800c82a   0x00000024   Code   RO         8103    i.WM__DetachWindow  uCGUI.lib(wm.o)
    0x0800c84e   0x0800c84e   0x0000003c   Code   RO        11146    i.WM__ForEachDesc   uCGUI.lib(wm__foreachdesc.o)
    0x0800c88a   0x0800c88a   0x0000001c   Code   RO         8104    i.WM__GetClientRectWin  uCGUI.lib(wm.o)
    0x0800c8a6   0x0800c8a6   0x00000020   Code   RO        11513    i.WM__GetFirstSibling  uCGUI.lib(wm__getfirstsibling.o)
    0x0800c8c6   0x0800c8c6   0x0000000a   Code   RO         8105    i.WM__GetInvalidRectAbs  uCGUI.lib(wm.o)
    0x0800c8d0   0x0800c8d0   0x00000084   Code   RO         8106    i.WM__GetNextIVR    uCGUI.lib(wm.o)
    0x0800c954   0x0800c954   0x00000036   Code   RO        11158    i.WM__GetPrevSibling  uCGUI.lib(wm__getprevsibling.o)
    0x0800c98a   0x0800c98a   0x00000010   Code   RO        10181    i.WM__GetWindowSizeX  uCGUI.lib(wm_getwindowsize.o)
    0x0800c99a   0x0800c99a   0x00000010   Code   RO        10182    i.WM__GetWindowSizeY  uCGUI.lib(wm_getwindowsize.o)
    0x0800c9aa   0x0800c9aa   0x00000002   PAD
    0x0800c9ac   0x0800c9ac   0x0000010c   Code   RO         8107    i.WM__InitIVRSearch  uCGUI.lib(wm.o)
    0x0800cab8   0x0800cab8   0x00000092   Code   RO         8108    i.WM__InsertWindowIntoList  uCGUI.lib(wm.o)
    0x0800cb4a   0x0800cb4a   0x00000010   Code   RO         8109    i.WM__InvalidateAreaBelow  uCGUI.lib(wm.o)
    0x0800cb5a   0x0800cb5a   0x00000036   Code   RO        11170    i.WM__IsAncestor    uCGUI.lib(wm__isancestor.o)
    0x0800cb90   0x0800cb90   0x0000001a   Code   RO        10000    i.WM__IsEnabled     uCGUI.lib(wm__isenabled.o)
    0x0800cbaa   0x0800cbaa   0x00000002   PAD
    0x0800cbac   0x0800cbac   0x00000030   Code   RO        10369    i.WM__IsInModalArea  uCGUI.lib(wmtouch.o)
    0x0800cbdc   0x0800cbdc   0x00000032   Code   RO        11304    i.WM__IsInWindow    uCGUI.lib(wm_screen2win.o)
    0x0800cc0e   0x0800cc0e   0x00000002   PAD
    0x0800cc10   0x0800cc10   0x0000002c   Code   RO         8110    i.WM__IsWindow      uCGUI.lib(wm.o)
    0x0800cc3c   0x0800cc3c   0x0000005e   Code   RO        11552    i.WM__MoveWindow    uCGUI.lib(wm_move.o)
    0x0800cc9a   0x0800cc9a   0x00000002   PAD
    0x0800cc9c   0x0800cc9c   0x00000038   Code   RO         8111    i.WM__PaintWinAndOverlays  uCGUI.lib(wm.o)
    0x0800ccd4   0x0800ccd4   0x00000026   Code   RO         8112    i.WM__RectIsNZ      uCGUI.lib(wm.o)
    0x0800ccfa   0x0800ccfa   0x00000002   PAD
    0x0800ccfc   0x0800ccfc   0x00000028   Code   RO        10264    i.WM__ReleaseCapture  uCGUI.lib(wm_setcapture.o)
    0x0800cd24   0x0800cd24   0x00000044   Code   RO        10049    i.WM__RemoveCriticalHandle  uCGUI.lib(wm_criticalhandle.o)
    0x0800cd68   0x0800cd68   0x0000003c   Code   RO         8113    i.WM__RemoveFromLinList  uCGUI.lib(wm.o)
    0x0800cda4   0x0800cda4   0x0000005e   Code   RO         8114    i.WM__RemoveWindowFromList  uCGUI.lib(wm.o)
    0x0800ce02   0x0800ce02   0x00000024   Code   RO        11188    i.WM__SendMessage   uCGUI.lib(wm__sendmessage.o)
    0x0800ce26   0x0800ce26   0x00000018   Code   RO        11200    i.WM__SendMessageIfEnabled  uCGUI.lib(wm__sendmessageifenabled.o)
    0x0800ce3e   0x0800ce3e   0x00000028   Code   RO        11525    i.WM__SendMessageNoPara  uCGUI.lib(wm__sendmessagenopara.o)
    0x0800ce66   0x0800ce66   0x00000016   Code   RO         8115    i.WM__SendMsgNoData  uCGUI.lib(wm.o)
    0x0800ce7c   0x0800ce7c   0x00000040   Code   RO        10370    i.WM__SendPIDMessage  uCGUI.lib(wmtouch.o)
    0x0800cebc   0x0800cebc   0x00000036   Code   RO        10371    i.WM__SendTouchMessage  uCGUI.lib(wmtouch.o)
    0x0800cef2   0x0800cef2   0x00000014   Code   RO        10299    i.WM__SetScrollbarH  uCGUI.lib(wm_setscrollbar.o)
    0x0800cf06   0x0800cf06   0x00000014   Code   RO        10300    i.WM__SetScrollbarV  uCGUI.lib(wm_setscrollbar.o)
    0x0800cf1a   0x0800cf1a   0x00000186   Code   RO        11212    i.WM__UpdateChildPositions  uCGUI.lib(wm__updatechildpositions.o)
    0x0800d0a0   0x0800d0a0   0x00000020   Code   RO         1681    i.WR_CMD            touchpanel.o
    0x0800d0c0   0x0800d0c0   0x00000044   Code   RO         2413    i.WVA_CalPlayTime   audiofilehandle.o
    0x0800d104   0x0800d104   0x00000024   Code   RO         6627    i._AD2X             uCGUI.lib(gui_touch_driveranalog.o)
    0x0800d128   0x0800d128   0x00000024   Code   RO         6628    i._AD2Y             uCGUI.lib(gui_touch_driveranalog.o)
    0x0800d14c   0x0800d14c   0x000000aa   Code   RO         7472    i._AddKey           uCGUI.lib(listbox.o)
    0x0800d1f6   0x0800d1f6   0x00000002   PAD
    0x0800d1f8   0x0800d1f8   0x00000030   Code   RO         8116    i._AddToLinList     uCGUI.lib(wm.o)
    0x0800d228   0x0800d228   0x000000e8   Code   RO         6709    i._Alloc            uCGUI.lib(guialloc.o)
    0x0800d310   0x0800d310   0x00000050   Code   RO         8392    i._BringToTop       uCGUI.lib(wm_bringtotop.o)
    0x0800d360   0x0800d360   0x00000022   Code   RO         7161    i._ButtonPressed    uCGUI.lib(button.o)
    0x0800d382   0x0800d382   0x00000030   Code   RO         7162    i._ButtonReleased   uCGUI.lib(button.o)
    0x0800d3b2   0x0800d3b2   0x00000136   Code   RO         9611    i._CalcPositions    uCGUI.lib(scrollbar.o)
    0x0800d4e8   0x0800d4e8   0x00000068   Code   RO        10665    i._CalcRect         uCGUI.lib(guicurs.o)
    0x0800d550   0x0800d550   0x00000046   Code   RO         7473    i._CalcScrollParas  uCGUI.lib(listbox.o)
    0x0800d596   0x0800d596   0x00000008   Code   RO         9113    i._CalcSizeOfChar   uCGUI.lib(gui_uc_encodenone.o)
    0x0800d59e   0x0800d59e   0x00000040   Code   RO         6121    i._Calibrate        guidemo_touch.o
    0x0800d5de   0x0800d5de   0x00000036   Code   RO         7474    i._CallOwnerDraw    uCGUI.lib(listbox.o)
    0x0800d614   0x0800d614   0x00000020   Code   RO         8117    i._CheckCriticalHandles  uCGUI.lib(wm.o)
    0x0800d634   0x0800d634   0x00000014   Code   RO         6710    i._CheckInit        uCGUI.lib(guialloc.o)
    0x0800d648   0x0800d648   0x00000022   Code   RO         8790    i._Check_NegLong    uCGUI.lib(gui_adddecshift.o)
    0x0800d66a   0x0800d66a   0x00000002   PAD
    0x0800d66c   0x0800d66c   0x000000bc   Code   RO         6711    i._CreateHole       uCGUI.lib(guialloc.o)
    0x0800d728   0x0800d728   0x0000001e   Code   RO         7163    i._Delete           uCGUI.lib(button.o)
    0x0800d746   0x0800d746   0x0000000e   Code   RO         7303    i._Delete           uCGUI.lib(edit.o)
    0x0800d754   0x0800d754   0x00000022   Code   RO         8118    i._DeleteAllChildren  uCGUI.lib(wm.o)
    0x0800d776   0x0800d776   0x0000004e   Code   RO         7304    i._DeleteChar       uCGUI.lib(edit.o)
    0x0800d7c4   0x0800d7c4   0x0000001c   Code   RO         8119    i._DesktopHandle2Index  uCGUI.lib(wm.o)
    0x0800d7e0   0x0800d7e0   0x00000068   Code   RO         9154    i._DispLine         uCGUI.lib(guicharline.o)
    0x0800d848   0x0800d848   0x00000064   Code   RO        10855    i._DrawBitLine16BPP_DDB  uCGUI.lib(guidev_16.o)
    0x0800d8ac   0x0800d8ac   0x00000148   Code   RO        10856    i._DrawBitLine1BPP  uCGUI.lib(guidev_16.o)
    0x0800d9f4   0x0800d9f4   0x000000fc   Code   RO        10857    i._DrawBitLine2BPP  uCGUI.lib(guidev_16.o)
    0x0800daf0   0x0800daf0   0x00000184   Code   RO        10858    i._DrawBitLine4BPP  uCGUI.lib(guidev_16.o)
    0x0800dc74   0x0800dc74   0x00000074   Code   RO        10859    i._DrawBitLine8BPP  uCGUI.lib(guidev_16.o)
    0x0800dce8   0x0800dce8   0x00000060   Code   RO        10860    i._DrawBitLine8BPP_DDB  uCGUI.lib(guidev_16.o)
    0x0800dd48   0x0800dd48   0x0000015c   Code   RO        10861    i._DrawBitmap       uCGUI.lib(guidev_16.o)
    0x0800dea4   0x0800dea4   0x0000004e   Code   RO         6448    i._DrawFocusRect    uCGUI.lib(gui_drawfocusrect.o)
    0x0800def2   0x0800def2   0x00000016   Code   RO        10862    i._DrawHLine        uCGUI.lib(guidev_16.o)
    0x0800df08   0x0800df08   0x0000005c   Code   RO         8120    i._DrawNext         uCGUI.lib(wm.o)
    0x0800df64   0x0800df64   0x00000038   Code   RO         8533    i._DrawRect         uCGUI.lib(gui2dlib.o)
    0x0800df9c   0x0800df9c   0x00000046   Code   RO         9612    i._DrawTriangle     uCGUI.lib(scrollbar.o)
    0x0800dfe2   0x0800dfe2   0x00000002   PAD
    0x0800dfe4   0x0800dfe4   0x000000c0   Code   RO        10863    i._DrawVLine        uCGUI.lib(guidev_16.o)
    0x0800e0a4   0x0800e0a4   0x00000066   Code   RO         9803    i._EffectRequiresRedraw  uCGUI.lib(widget.o)
    0x0800e10a   0x0800e10a   0x00000008   Code   RO         9114    i._Encode           uCGUI.lib(gui_uc_encodenone.o)
    0x0800e112   0x0800e112   0x00000002   Code   RO         2847    i._Error_Handler    main.o
    0x0800e114   0x0800e114   0x00000230   Code   RO         6122    i._ExecCalibration  guidemo_touch.o
    0x0800e344   0x0800e344   0x000000a0   Code   RO        10864    i._FillRect         uCGUI.lib(guidev_16.o)
    0x0800e3e4   0x0800e3e4   0x00000024   Code   RO         6712    i._FindFreeHandle   uCGUI.lib(guialloc.o)
    0x0800e408   0x0800e408   0x00000064   Code   RO         6713    i._FindHole         uCGUI.lib(guialloc.o)
    0x0800e46c   0x0800e46c   0x0000017c   Code   RO         8121    i._FindNext_IVR     uCGUI.lib(wm.o)
    0x0800e5e8   0x0800e5e8   0x00000092   Code   RO         8122    i._Findx0           uCGUI.lib(wm.o)
    0x0800e67a   0x0800e67a   0x00000082   Code   RO         8123    i._Findx1           uCGUI.lib(wm.o)
    0x0800e6fc   0x0800e6fc   0x000000b0   Code   RO         8124    i._Findy1           uCGUI.lib(wm.o)
    0x0800e7ac   0x0800e7ac   0x00000078   Code   RO         6714    i._Free             uCGUI.lib(guialloc.o)
    0x0800e824   0x0800e824   0x0000000e   Code   RO         7475    i._FreeAttached     uCGUI.lib(listbox.o)
    0x0800e832   0x0800e832   0x0000000c   Code   RO        11479    i._GUI_USAGE_BM_Delete  uCGUI.lib(guidev_usagebm.o)
    0x0800e83e   0x0800e83e   0x0000002a   Code   RO         9613    i._GetArrowSize     uCGUI.lib(scrollbar.o)
    0x0800e868   0x0800e868   0x00000006   Code   RO         9115    i._GetCharCode      uCGUI.lib(gui_uc_encodenone.o)
    0x0800e86e   0x0800e86e   0x00000008   Code   RO         9116    i._GetCharSize      uCGUI.lib(gui_uc_encodenone.o)
    0x0800e876   0x0800e876   0x00000002   PAD
    0x0800e878   0x0800e878   0x00000018   Code   RO         9308    i._GetColorIndex    uCGUI.lib(lcd.o)
    0x0800e890   0x0800e890   0x0000003a   Code   RO         7476    i._GetContentsSizeX  uCGUI.lib(listbox.o)
    0x0800e8ca   0x0800e8ca   0x00000010   Code   RO        10183    i._GetDefaultWin    uCGUI.lib(wm_getwindowsize.o)
    0x0800e8da   0x0800e8da   0x0000004a   Code   RO        10097    i._GetDialogItem    uCGUI.lib(wm_getdialogitem.o)
    0x0800e924   0x0800e924   0x00000068   Code   RO         7477    i._GetItemFromPos   uCGUI.lib(listbox.o)
    0x0800e98c   0x0800e98c   0x00000040   Code   RO         7478    i._GetItemPosY      uCGUI.lib(listbox.o)
    0x0800e9cc   0x0800e9cc   0x00000046   Code   RO         7479    i._GetItemSizeX     uCGUI.lib(listbox.o)
    0x0800ea12   0x0800ea12   0x00000028   Code   RO         6176    i._GetItemSizeY     usergui.o
    0x0800ea3a   0x0800ea3a   0x00000046   Code   RO         7480    i._GetItemSizeY     uCGUI.lib(listbox.o)
    0x0800ea80   0x0800ea80   0x0000005a   Code   RO         7481    i._GetNumVisItems   uCGUI.lib(listbox.o)
    0x0800eada   0x0800eada   0x00000002   PAD
    0x0800eadc   0x0800eadc   0x00000040   Code   RO        10667    i._GetPixelIndex    uCGUI.lib(guicurs.o)
    0x0800eb1c   0x0800eb1c   0x00000014   Code   RO        10865    i._GetPixelIndex    uCGUI.lib(guidev_16.o)
    0x0800eb30   0x0800eb30   0x00000014   Code   RO         6715    i._GetSize          uCGUI.lib(guialloc.o)
    0x0800eb44   0x0800eb44   0x00000050   Code   RO         9261    i._GetTaskNo        uCGUI.lib(guitask.o)
    0x0800eb94   0x0800eb94   0x0000001a   Code   RO         7482    i._GetYSize         uCGUI.lib(listbox.o)
    0x0800ebae   0x0800ebae   0x00000002   PAD
    0x0800ebb0   0x0800ebb0   0x00000020   Code   RO         8125    i._GethDrawWin      uCGUI.lib(wm.o)
    0x0800ebd0   0x0800ebd0   0x00000010   Code   RO         8898    i._GotoX            uCGUI.lib(gui_goto.o)
    0x0800ebe0   0x0800ebe0   0x00000010   Code   RO         8899    i._GotoY            uCGUI.lib(gui_goto.o)
    0x0800ebf0   0x0800ebf0   0x0000003c   Code   RO         7305    i._IncrementBuffer  uCGUI.lib(edit.o)
    0x0800ec2c   0x0800ec2c   0x00000060   Code   RO         6897    i._InitContext      uCGUI.lib(guicore.o)
    0x0800ec8c   0x0800ec8c   0x0000006c   Code   RO         7306    i._InsertChar       uCGUI.lib(edit.o)
    0x0800ecf8   0x0800ecf8   0x0000007c   Code   RO         8126    i._Invalidate1Abs   uCGUI.lib(wm.o)
    0x0800ed74   0x0800ed74   0x0000001c   Code   RO         8393    i._InvalidateWindowAndDescs  uCGUI.lib(wm_bringtotop.o)
    0x0800ed90   0x0800ed90   0x00000028   Code   RO         7483    i._IsAlphaNum       uCGUI.lib(listbox.o)
    0x0800edb8   0x0800edb8   0x00000040   Code   RO         7307    i._IsCharsAvailable  uCGUI.lib(edit.o)
    0x0800edf8   0x0800edf8   0x0000004a   Code   RO         7484    i._IsPartiallyVis   uCGUI.lib(listbox.o)
    0x0800ee42   0x0800ee42   0x00000040   Code   RO         7308    i._IsSpaceInBuffer  uCGUI.lib(edit.o)
    0x0800ee82   0x0800ee82   0x00000152   Code   RO         7485    i._LISTBOX_Callback  uCGUI.lib(listbox.o)
    0x0800efd4   0x0800efd4   0x00000014   Code   RO         6124    i._Log2Phys         guidemo_touch.o
    0x0800efe8   0x0800efe8   0x00000016   Code   RO         6629    i._Log2Phys         uCGUI.lib(gui_touch_driveranalog.o)
    0x0800effe   0x0800effe   0x00000002   PAD
    0x0800f000   0x0800f000   0x00000030   Code   RO        10669    i._Log2Phys         uCGUI.lib(guicurs.o)
    0x0800f030   0x0800f030   0x0000008a   Code   RO         7486    i._ManageAutoScroll  uCGUI.lib(listbox.o)
    0x0800f0ba   0x0800f0ba   0x0000000e   Code   RO         9502    i._Min              uCGUI.lib(guidev_banding.o)
    0x0800f0c8   0x0800f0c8   0x0000004a   Code   RO        11553    i._MoveDescendents  uCGUI.lib(wm_move.o)
    0x0800f112   0x0800f112   0x0000006c   Code   RO         7487    i._MoveSel          uCGUI.lib(listbox.o)
    0x0800f17e   0x0800f17e   0x0000003e   Code   RO         7488    i._NotifyOwner      uCGUI.lib(listbox.o)
    0x0800f1bc   0x0800f1bc   0x00000034   Code   RO         7980    i._OnKey            uCGUI.lib(slider.o)
    0x0800f1f0   0x0800f1f0   0x00000042   Code   RO         9614    i._OnKey            uCGUI.lib(scrollbar.o)
    0x0800f232   0x0800f232   0x00000106   Code   RO         7489    i._OnPaint          uCGUI.lib(listbox.o)
    0x0800f338   0x0800f338   0x00000034   Code   RO         9615    i._OnSetScrollState  uCGUI.lib(scrollbar.o)
    0x0800f36c   0x0800f36c   0x00000048   Code   RO         7164    i._OnTouch          uCGUI.lib(button.o)
    0x0800f3b4   0x0800f3b4   0x00000022   Code   RO         7309    i._OnTouch          uCGUI.lib(edit.o)
    0x0800f3d6   0x0800f3d6   0x00000024   Code   RO         7490    i._OnTouch          uCGUI.lib(listbox.o)
    0x0800f3fa   0x0800f3fa   0x000000cc   Code   RO         7981    i._OnTouch          uCGUI.lib(slider.o)
    0x0800f4c6   0x0800f4c6   0x000000d0   Code   RO         9616    i._OnTouch          uCGUI.lib(scrollbar.o)
    0x0800f596   0x0800f596   0x00000002   PAD
    0x0800f598   0x0800f598   0x000001a4   Code   RO         6177    i._OwnerDraw        usergui.o
    0x0800f73c   0x0800f73c   0x00000010   Code   RO         8967    i._PID_Load         uCGUI.lib(gui_pid.o)
    0x0800f74c   0x0800f74c   0x0000011a   Code   RO         7165    i._Paint            uCGUI.lib(button.o)
    0x0800f866   0x0800f866   0x0000019a   Code   RO         7310    i._Paint            uCGUI.lib(edit.o)
    0x0800fa00   0x0800fa00   0x0000015c   Code   RO         7982    i._Paint            uCGUI.lib(slider.o)
    0x0800fb5c   0x0800fb5c   0x00000098   Code   RO         8127    i._Paint            uCGUI.lib(wm.o)
    0x0800fbf4   0x0800fbf4   0x00000178   Code   RO         9617    i._Paint            uCGUI.lib(scrollbar.o)
    0x0800fd6c   0x0800fd6c   0x00000080   Code   RO         8128    i._Paint1           uCGUI.lib(wm.o)
    0x0800fdec   0x0800fdec   0x0000006c   Code   RO         8129    i._Paint1Trans      uCGUI.lib(wm.o)
    0x0800fe58   0x0800fe58   0x0000005c   Code   RO         8130    i._PaintTransChildren  uCGUI.lib(wm.o)
    0x0800feb4   0x0800feb4   0x00000054   Code   RO         8131    i._PaintTransTopSiblings  uCGUI.lib(wm.o)
    0x0800ff08   0x0800ff08   0x0000008e   Code   RO         9618    i._SCROLLBAR_Callback  uCGUI.lib(scrollbar.o)
    0x0800ff96   0x0800ff96   0x00000056   Code   RO         7983    i._SLIDER_Callback  uCGUI.lib(slider.o)
    0x0800ffec   0x0800ffec   0x00000020   Code   RO        10372    i._Screen2Win       uCGUI.lib(wmtouch.o)
    0x0801000c   0x0801000c   0x00000056   Code   RO        11305    i._Screen2hWin      uCGUI.lib(wm_screen2win.o)
    0x08010062   0x08010062   0x00000022   Code   RO         9619    i._ScrollbarPressed  uCGUI.lib(scrollbar.o)
    0x08010084   0x08010084   0x00000022   Code   RO         9620    i._ScrollbarReleased  uCGUI.lib(scrollbar.o)
    0x080100a6   0x080100a6   0x0000004c   Code   RO         7491    i._SelectByKey      uCGUI.lib(listbox.o)
    0x080100f2   0x080100f2   0x00000002   PAD
    0x080100f4   0x080100f4   0x00000048   Code   RO         8132    i._SetClipRectUserIntersect  uCGUI.lib(wm.o)
    0x0801013c   0x0801013c   0x00000048   Code   RO        10670    i._SetPixelIndex    uCGUI.lib(guicurs.o)
    0x08010184   0x08010184   0x00000050   Code   RO        10866    i._SetPixelIndex    uCGUI.lib(guidev_16.o)
    0x080101d4   0x080101d4   0x0000003e   Code   RO        10301    i._SetScrollbar     uCGUI.lib(wm_setscrollbar.o)
    0x08010212   0x08010212   0x0000000c   Code   RO         6716    i._Size2LegalSize   uCGUI.lib(guialloc.o)
    0x0801021e   0x0801021e   0x00000022   Code   RO         7984    i._SliderPressed    uCGUI.lib(slider.o)
    0x08010240   0x08010240   0x00000022   Code   RO         7985    i._SliderReleased   uCGUI.lib(slider.o)
    0x08010262   0x08010262   0x00000002   PAD
    0x08010264   0x08010264   0x0000004c   Code   RO         6630    i._StoreUnstable    uCGUI.lib(gui_touch_driveranalog.o)
    0x080102b0   0x080102b0   0x00000054   Code   RO         7492    i._ToggleMultiSel   uCGUI.lib(listbox.o)
    0x08010304   0x08010304   0x0000000c   Code   RO         7493    i._Tolower          uCGUI.lib(listbox.o)
    0x08010310   0x08010310   0x00000026   Code   RO         9804    i._UpdateChildPostions  uCGUI.lib(widget.o)
    0x08010336   0x08010336   0x0000005a   Code   RO         7494    i._UpdateScrollPos  uCGUI.lib(listbox.o)
    0x08010390   0x08010390   0x00000010   Code   RO        11091    i._WIDGET_EFFECT_3D_DrawDown  uCGUI.lib(widget_effect_3d.o)
    0x080103a0   0x080103a0   0x000000d4   Code   RO        11092    i._WIDGET_EFFECT_3D_DrawDownRect  uCGUI.lib(widget_effect_3d.o)
    0x08010474   0x08010474   0x00000094   Code   RO        11093    i._WIDGET_EFFECT_3D_DrawUpRect  uCGUI.lib(widget_effect_3d.o)
    0x08010508   0x08010508   0x00000016   Code   RO        11094    i._WIDGET_EFFECT_3D_GetRect  uCGUI.lib(widget_effect_3d.o)
    0x0801051e   0x0801051e   0x0000003a   Code   RO         9621    i._WIDGET__RECT2VRECT  uCGUI.lib(scrollbar.o)
    0x08010558   0x08010558   0x0000003c   Code   RO        10867    i._XY2PTR           uCGUI.lib(guidev_16.o)
    0x08010594   0x08010594   0x0000005c   Code   RO        10868    i._XorPixel         uCGUI.lib(guidev_16.o)
    0x080105f0   0x080105f0   0x00000028   Code   RO        11974    i.__0sprintf        mc_w.l(printfa.o)
    0x08010618   0x08010618   0x0000000e   Code   RO        12054    i.__scatterload_copy  mc_w.l(handlers.o)
    0x08010626   0x08010626   0x00000002   Code   RO        12055    i.__scatterload_null  mc_w.l(handlers.o)
    0x08010628   0x08010628   0x0000000e   Code   RO        12056    i.__scatterload_zeroinit  mc_w.l(handlers.o)
    0x08010636   0x08010636   0x00000010   Code   RO         8394    i._cbInvalidateOne  uCGUI.lib(wm_bringtotop.o)
    0x08010646   0x08010646   0x00000002   PAD
    0x08010648   0x08010648   0x00000038   Code   RO         8133    i._cbPaintMemDev    uCGUI.lib(wm.o)
    0x08010680   0x08010680   0x00000184   Code   RO        11979    i._fp_digits        mc_w.l(printfa.o)
    0x08010804   0x08010804   0x000006dc   Code   RO        11980    i._printf_core      mc_w.l(printfa.o)
    0x08010ee0   0x08010ee0   0x00000024   Code   RO        11981    i._printf_post_padding  mc_w.l(printfa.o)
    0x08010f04   0x08010f04   0x0000002e   Code   RO        11982    i._printf_pre_padding  mc_w.l(printfa.o)
    0x08010f32   0x08010f32   0x0000000a   Code   RO        11984    i._sputc            mc_w.l(printfa.o)
    0x08010f3c   0x08010f3c   0x00000050   Code   RO         8134    i.cbBackWin         uCGUI.lib(wm.o)
    0x08010f8c   0x08010f8c   0x00000070   Code   RO         5581    i.check_fs          ff.o
    0x08010ffc   0x08010ffc   0x0000005c   Code   RO         5582    i.chk_lock          ff.o
    0x08011058   0x08011058   0x00000020   Code   RO         5583    i.clear_lock        ff.o
    0x08011078   0x08011078   0x00000024   Code   RO         5584    i.clmt_clust        ff.o
    0x0801109c   0x0801109c   0x00000018   Code   RO         5585    i.clust2sect        ff.o
    0x080110b4   0x080110b4   0x000000a4   Code   RO         5586    i.create_chain      ff.o
    0x08011158   0x08011158   0x000000bc   Code   RO         5587    i.create_name       ff.o
    0x08011214   0x08011214   0x00000034   Code   RO         5588    i.dec_lock          ff.o
    0x08011248   0x08011248   0x0000001c   Code   RO         1365    i.delay_ms          glcd.o
    0x08011264   0x08011264   0x0000001c   Code   RO         2006    i.delay_ms          vs1003.o
    0x08011280   0x08011280   0x00000064   Code   RO         5589    i.dir_find          ff.o
    0x080112e4   0x080112e4   0x000000f4   Code   RO         5590    i.dir_next          ff.o
    0x080113d8   0x080113d8   0x00000060   Code   RO         5591    i.dir_read          ff.o
    0x08011438   0x08011438   0x00000066   Code   RO         5592    i.dir_register      ff.o
    0x0801149e   0x0801149e   0x00000082   Code   RO         5594    i.dir_sdi           ff.o
    0x08011520   0x08011520   0x00000028   Code   RO         5526    i.disk_initialize   diskio.o
    0x08011548   0x08011548   0x0000001c   Code   RO         5527    i.disk_ioctl        diskio.o
    0x08011564   0x08011564   0x0000001c   Code   RO         5528    i.disk_read         diskio.o
    0x08011580   0x08011580   0x00000018   Code   RO         5529    i.disk_status       diskio.o
    0x08011598   0x08011598   0x0000001c   Code   RO         5530    i.disk_write        diskio.o
    0x080115b4   0x080115b4   0x00000030   Code   RO         5595    i.f_close           ff.o
    0x080115e4   0x080115e4   0x0000002a   Code   RO         5596    i.f_closedir        ff.o
    0x0801160e   0x0801160e   0x0000022a   Code   RO         5599    i.f_lseek           ff.o
    0x08011838   0x08011838   0x0000007c   Code   RO         5602    i.f_mount           ff.o
    0x080118b4   0x080118b4   0x00000214   Code   RO         5603    i.f_open            ff.o
    0x08011ac8   0x08011ac8   0x0000008a   Code   RO         5604    i.f_opendir         ff.o
    0x08011b52   0x08011b52   0x0000017c   Code   RO         5608    i.f_read            ff.o
    0x08011cce   0x08011cce   0x00000050   Code   RO         5609    i.f_readdir         ff.o
    0x08011d1e   0x08011d1e   0x000000a2   Code   RO         5612    i.f_sync            ff.o
    0x08011dc0   0x08011dc0   0x0000001a   Code   RO         5980    i.ff_cre_syncobj    syscall.o
    0x08011dda   0x08011dda   0x0000000a   Code   RO         5981    i.ff_del_syncobj    syscall.o
    0x08011de4   0x08011de4   0x00000004   Code   RO         5982    i.ff_rel_grant      syscall.o
    0x08011de8   0x08011de8   0x00000014   Code   RO         5983    i.ff_req_grant      syscall.o
    0x08011dfc   0x08011dfc   0x00000260   Code   RO         5616    i.find_volume       ff.o
    0x0801205c   0x0801205c   0x00000074   Code   RO         5617    i.follow_path       ff.o
    0x080120d0   0x080120d0   0x000000be   Code   RO         5618    i.get_fat           ff.o
    0x0801218e   0x0801218e   0x00000004   Code   RO         3071    i.get_fattime       fatfs.o
    0x08012192   0x08012192   0x00000062   Code   RO         5619    i.get_fileinfo      ff.o
    0x080121f4   0x080121f4   0x0000003c   Code   RO         5620    i.get_ldnumber      ff.o
    0x08012230   0x08012230   0x0000000c   Code   RO          760    i.inHandlerMode     cmsis_os.o
    0x0801223c   0x0801223c   0x00000080   Code   RO         5621    i.inc_lock          ff.o
    0x080122bc   0x080122bc   0x00000026   Code   RO         5622    i.ld_clust          ff.o
    0x080122e2   0x080122e2   0x00000016   Code   RO         5623    i.ld_dword          ff.o
    0x080122f8   0x080122f8   0x0000000a   Code   RO         5624    i.ld_word           ff.o
    0x08012302   0x08012302   0x00000014   Code   RO         5625    i.lock_fs           ff.o
    0x08012316   0x08012316   0x0000002e   Code   RO         2848    i.main              main.o
    0x08012344   0x08012344   0x0000000c   Code   RO          762    i.makeFreeRtosPriority  cmsis_os.o
    0x08012350   0x08012350   0x00000012   Code   RO         5626    i.mem_cpy           ff.o
    0x08012362   0x08012362   0x00000002   PAD
    0x08012364   0x08012364   0x0000000e   Code   RO         5627    i.mem_set           ff.o
    0x08012372   0x08012372   0x00000032   Code   RO         5628    i.move_window       ff.o
    0x080123a4   0x080123a4   0x0000000e   Code   RO          764    i.osDelay           cmsis_os.o
    0x080123b2   0x080123b2   0x0000000a   Code   RO          767    i.osKernelStart     cmsis_os.o
    0x080123bc   0x080123bc   0x00000018   Code   RO          768    i.osKernelSysTick   cmsis_os.o
    0x080123d4   0x080123d4   0x00000008   Code   RO          776    i.osMessageCreate   cmsis_os.o
    0x080123dc   0x080123dc   0x00000098   Code   RO          778    i.osMessageGet      cmsis_os.o
    0x08012474   0x08012474   0x0000005c   Code   RO          780    i.osMessagePut      cmsis_os.o
    0x080124d0   0x080124d0   0x00000006   Code   RO          782    i.osMutexCreate     cmsis_os.o
    0x080124d6   0x080124d6   0x00000002   PAD
    0x080124d8   0x080124d8   0x00000050   Code   RO          784    i.osMutexRelease    cmsis_os.o
    0x08012528   0x08012528   0x00000068   Code   RO          785    i.osMutexWait       cmsis_os.o
    0x08012590   0x08012590   0x00000026   Code   RO          793    i.osSemaphoreCreate  cmsis_os.o
    0x080125b6   0x080125b6   0x00000018   Code   RO          794    i.osSemaphoreDelete  cmsis_os.o
    0x080125ce   0x080125ce   0x00000002   PAD
    0x080125d0   0x080125d0   0x00000050   Code   RO          796    i.osSemaphoreRelease  cmsis_os.o
    0x08012620   0x08012620   0x00000068   Code   RO          797    i.osSemaphoreWait   cmsis_os.o
    0x08012688   0x08012688   0x0000005c   Code   RO          798    i.osSignalSet       cmsis_os.o
    0x080126e4   0x080126e4   0x00000056   Code   RO          799    i.osSignalWait      cmsis_os.o
    0x0801273a   0x0801273a   0x00000014   Code   RO          800    i.osSystickHandler  cmsis_os.o
    0x0801274e   0x0801274e   0x0000002e   Code   RO          801    i.osThreadCreate    cmsis_os.o
    0x0801277c   0x0801277c   0x00000004   Code   RO          802    i.osThreadGetId     cmsis_os.o
    0x08012780   0x08012780   0x00000034   Code   RO          807    i.osThreadResume    cmsis_os.o
    0x080127b4   0x080127b4   0x0000000a   Code   RO          810    i.osThreadSuspend   cmsis_os.o
    0x080127be   0x080127be   0x0000000a   Code   RO          812    i.osThreadTerminate  cmsis_os.o
    0x080127c8   0x080127c8   0x00000070   Code   RO          224    i.prvAddCurrentTaskToDelayedList  tasks.o
    0x08012838   0x08012838   0x000000d0   Code   RO          225    i.prvAddNewTaskToReadyList  tasks.o
    0x08012908   0x08012908   0x00000050   Code   RO          226    i.prvCheckTasksWaitingTermination  tasks.o
    0x08012958   0x08012958   0x00000026   Code   RO         1209    i.prvCopyDataFromQueue  queue.o
    0x0801297e   0x0801297e   0x0000006c   Code   RO         1210    i.prvCopyDataToQueue  queue.o
    0x080129ea   0x080129ea   0x00000014   Code   RO          227    i.prvDeleteTCB      tasks.o
    0x080129fe   0x080129fe   0x00000002   PAD
    0x08012a00   0x08012a00   0x0000004c   Code   RO          687    i.prvHeapInit       heap_4.o
    0x08012a4c   0x08012a4c   0x00000028   Code   RO          228    i.prvIdleTask       tasks.o
    0x08012a74   0x08012a74   0x0000008e   Code   RO          229    i.prvInitialiseNewTask  tasks.o
    0x08012b02   0x08012b02   0x00000002   PAD
    0x08012b04   0x08012b04   0x0000004c   Code   RO          688    i.prvInsertBlockIntoFreeList  heap_4.o
    0x08012b50   0x08012b50   0x0000001c   Code   RO         1211    i.prvIsQueueEmpty   queue.o
    0x08012b6c   0x08012b6c   0x00000020   Code   RO          230    i.prvResetNextTaskUnblockTime  tasks.o
    0x08012b8c   0x08012b8c   0x00000028   Code   RO          535    i.prvTaskExitError  port.o
    0x08012bb4   0x08012bb4   0x00000034   Code   RO          232    i.prvTaskIsTaskSuspended  tasks.o
    0x08012be8   0x08012be8   0x0000006a   Code   RO         1212    i.prvUnlockQueue    queue.o
    0x08012c52   0x08012c52   0x000000ea   Code   RO         5629    i.put_fat           ff.o
    0x08012d3c   0x08012d3c   0x000000d8   Code   RO          689    i.pvPortMalloc      heap_4.o
    0x08012e14   0x08012e14   0x00000018   Code   RO          233    i.pvTaskIncrementMutexHeldCount  tasks.o
    0x08012e2c   0x08012e2c   0x0000002c   Code   RO          536    i.pxPortInitialiseStack  port.o
    0x08012e58   0x08012e58   0x00000074   Code   RO         5632    i.remove_chain      ff.o
    0x08012ecc   0x08012ecc   0x00000028   Code   RO         5633    i.st_clust          ff.o
    0x08012ef4   0x08012ef4   0x00000010   Code   RO         5634    i.st_dword          ff.o
    0x08012f04   0x08012f04   0x00000008   Code   RO         5635    i.st_word           ff.o
    0x08012f0c   0x08012f0c   0x00000088   Code   RO         5636    i.sync_fs           ff.o
    0x08012f94   0x08012f94   0x00000052   Code   RO         5637    i.sync_window       ff.o
    0x08012fe6   0x08012fe6   0x00000018   Code   RO         5638    i.unlock_fs         ff.o
    0x08012ffe   0x08012ffe   0x00000024   Code   RO         1160    i.uxListRemove      list.o
    0x08013022   0x08013022   0x00000016   Code   RO         1161    i.vListInitialise   list.o
    0x08013038   0x08013038   0x00000006   Code   RO         1162    i.vListInitialiseItem  list.o
    0x0801303e   0x0801303e   0x00000030   Code   RO         1163    i.vListInsert       list.o
    0x0801306e   0x0801306e   0x00000018   Code   RO         1164    i.vListInsertEnd    list.o
    0x08013086   0x08013086   0x00000002   PAD
    0x08013088   0x08013088   0x00000040   Code   RO          538    i.vPortEnterCritical  port.o
    0x080130c8   0x080130c8   0x00000028   Code   RO          539    i.vPortExitCritical  port.o
    0x080130f0   0x080130f0   0x0000005c   Code   RO          690    i.vPortFree         heap_4.o
    0x0801314c   0x0801314c   0x00000020   Code   RO          540    i.vPortSetupTimerInterrupt  port.o
    0x0801316c   0x0801316c   0x00000054   Code   RO          541    i.vPortValidateInterruptPriority  port.o
    0x080131c0   0x080131c0   0x00000024   Code   RO         1217    i.vQueueDelete      queue.o
    0x080131e4   0x080131e4   0x00000028   Code   RO         1218    i.vQueueUnregisterQueue  queue.o
    0x0801320c   0x0801320c   0x0000004c   Code   RO          239    i.vTaskDelay        tasks.o
    0x08013258   0x08013258   0x000000ac   Code   RO          240    i.vTaskDelete       tasks.o
    0x08013304   0x08013304   0x0000000c   Code   RO          242    i.vTaskMissedYield  tasks.o
    0x08013310   0x08013310   0x00000030   Code   RO          244    i.vTaskPlaceOnEventList  tasks.o
    0x08013340   0x08013340   0x00000084   Code   RO          246    i.vTaskPriorityInherit  tasks.o
    0x080133c4   0x080133c4   0x0000007c   Code   RO          248    i.vTaskResume       tasks.o
    0x08013440   0x08013440   0x00000024   Code   RO          249    i.vTaskSetTimeOutState  tasks.o
    0x08013464   0x08013464   0x00000068   Code   RO          250    i.vTaskStartScheduler  tasks.o
    0x080134cc   0x080134cc   0x000000b0   Code   RO          251    i.vTaskSuspend      tasks.o
    0x0801357c   0x0801357c   0x00000010   Code   RO          252    i.vTaskSuspendAll   tasks.o
    0x0801358c   0x0801358c   0x0000005c   Code   RO          253    i.vTaskSwitchContext  tasks.o
    0x080135e8   0x080135e8   0x0000003e   Code   RO         5639    i.validate          ff.o
    0x08013626   0x08013626   0x00000002   PAD
    0x08013628   0x08013628   0x000000e0   Code   RO          542    i.xPortStartScheduler  port.o
    0x08013708   0x08013708   0x0000002c   Code   RO          543    i.xPortSysTickHandler  port.o
    0x08013734   0x08013734   0x00000024   Code   RO         1219    i.xQueueCreateMutex  queue.o
    0x08013758   0x08013758   0x00000048   Code   RO         1220    i.xQueueGenericCreate  queue.o
    0x080137a0   0x080137a0   0x0000016c   Code   RO         1221    i.xQueueGenericReceive  queue.o
    0x0801390c   0x0801390c   0x00000088   Code   RO         1222    i.xQueueGenericReset  queue.o
    0x08013994   0x08013994   0x00000160   Code   RO         1223    i.xQueueGenericSend  queue.o
    0x08013af4   0x08013af4   0x000000bc   Code   RO         1224    i.xQueueGenericSendFromISR  queue.o
    0x08013bb0   0x08013bb0   0x0000009c   Code   RO         1225    i.xQueueGiveFromISR  queue.o
    0x08013c4c   0x08013c4c   0x0000009a   Code   RO         1229    i.xQueueReceiveFromISR  queue.o
    0x08013ce6   0x08013ce6   0x00000002   PAD
    0x08013ce8   0x08013ce8   0x0000006c   Code   RO          254    i.xTaskCheckForTimeOut  tasks.o
    0x08013d54   0x08013d54   0x00000056   Code   RO          255    i.xTaskCreate       tasks.o
    0x08013daa   0x08013daa   0x00000002   PAD
    0x08013dac   0x08013dac   0x000000cc   Code   RO          256    i.xTaskGenericNotify  tasks.o
    0x08013e78   0x08013e78   0x000000f0   Code   RO          257    i.xTaskGenericNotifyFromISR  tasks.o
    0x08013f68   0x08013f68   0x0000000c   Code   RO          258    i.xTaskGetCurrentTaskHandle  tasks.o
    0x08013f74   0x08013f74   0x0000001c   Code   RO          260    i.xTaskGetSchedulerState  tasks.o
    0x08013f90   0x08013f90   0x0000000c   Code   RO          261    i.xTaskGetTickCount  tasks.o
    0x08013f9c   0x08013f9c   0x00000010   Code   RO          262    i.xTaskGetTickCountFromISR  tasks.o
    0x08013fac   0x08013fac   0x000000c8   Code   RO          263    i.xTaskIncrementTick  tasks.o
    0x08014074   0x08014074   0x0000008c   Code   RO          265    i.xTaskNotifyWait   tasks.o
    0x08014100   0x08014100   0x00000098   Code   RO          266    i.xTaskPriorityDisinherit  tasks.o
    0x08014198   0x08014198   0x00000074   Code   RO          267    i.xTaskRemoveFromEventList  tasks.o
    0x0801420c   0x0801420c   0x000000c4   Code   RO          269    i.xTaskResumeAll    tasks.o
    0x080142d0   0x080142d0   0x00000088   Code   RO          270    i.xTaskResumeFromISR  tasks.o
    0x08014358   0x08014358   0x000005f0   Data   RO         1639    .constdata          asciilib.o
    0x08014948   0x08014948   0x0000000c   Data   RO         1853    .constdata          gui_x_ucos.o
    0x08014954   0x08014954   0x00000010   Data   RO         2184    .constdata          soundhandle.o
    0x08014964   0x08014964   0x00000050   Data   RO         2683    .constdata          freertos.o
    0x080149b4   0x080149b4   0x00000008   Data   RO         3146    .constdata          sd_diskio.o
    0x080149bc   0x080149bc   0x00000014   Data   RO         3147    .constdata          sd_diskio.o
    0x080149d0   0x080149d0   0x00000004   Data   RO         3246    .constdata          filehandle.o
    0x080149d4   0x080149d4   0x00000010   Data   RO         3370    .constdata          system_stm32f4xx.o
    0x080149e4   0x080149e4   0x00000008   Data   RO         4120    .constdata          stm32f4xx_hal_dma.o
    0x080149ec   0x080149ec   0x0000009c   Data   RO         5641    .constdata          ff.o
    0x08014a88   0x08014a88   0x00000018   Data   RO         6127    .constdata          guidemo_touch.o
    0x08014aa0   0x08014aa0   0x0000000c   Data   RO         6179    .constdata          usergui.o
    0x08014aac   0x08014aac   0x0000000c   Data   RO         6180    .constdata          usergui.o
    0x08014ab8   0x08014ab8   0x0000000c   Data   RO         6181    .constdata          usergui.o
    0x08014ac4   0x08014ac4   0x0000000c   Data   RO         6182    .constdata          usergui.o
    0x08014ad0   0x08014ad0   0x00000034   Data   RO         6183    .constdata          usergui.o
    0x08014b04   0x08014b04   0x00000034   Data   RO         6184    .constdata          usergui.o
    0x08014b38   0x08014b38   0x00000048   Data   RO         6185    .constdata          usergui.o
    0x08014b80   0x08014b80   0x00000008   Data   RO         6899    .constdata          uCGUI.lib(guicore.o)
    0x08014b88   0x08014b88   0x00000868   Data   RO         7092    .constdata          uCGUI.lib(f13_1.o)
    0x080153f0   0x080153f0   0x00000820   Data   RO         7105    .constdata          uCGUI.lib(f13_ascii.o)
    0x08015c10   0x08015c10   0x00000028   Data   RO         8791    .constdata          uCGUI.lib(gui_adddecshift.o)
    0x08015c38   0x08015c38   0x00000010   Data   RO         9117    .constdata          uCGUI.lib(gui_uc_encodenone.o)
    0x08015c48   0x08015c48   0x00000040   Data   RO         9384    .constdata          uCGUI.lib(lcd_api.o)
    0x08015c88   0x08015c88   0x00000734   Data   RO         9471    .constdata          uCGUI.lib(f6x8.o)
    0x080163bc   0x080163bc   0x00000060   Data   RO        10869    .constdata          uCGUI.lib(guidev_16.o)
    0x0801641c   0x0801641c   0x00000018   Data   RO        11095    .constdata          uCGUI.lib(widget_effect_3d.o)
    0x08016434   0x08016434   0x00000100   Data   RO        11438    .constdata          uCGUI.lib(lcd_mirror.o)
    0x08016534   0x08016534   0x00000018   Data   RO        11480    .constdata          uCGUI.lib(guidev_usagebm.o)
    0x0801654c   0x0801654c   0x00000034   Data   RO         2684    .conststring        freertos.o
    0x08016580   0x08016580   0x00000020   Data   RO        12052    Region$$Table       anon$$obj.o


    Execution Region RW_IRAM1 (Exec base: 0x20000000, Load base: 0x080165a0, Size: 0x00008750, Max: 0x00020000, ABSOLUTE, COMPRESSED[0x00000094])

    Exec Addr    Load Addr    Size         Type   Attr      Idx    E Section Name        Object

    0x20000000   COMPRESSED   0x0000003c   Data   RW          272    .data               tasks.o
    0x2000003c   COMPRESSED   0x0000000c   Data   RW          544    .data               port.o
    0x20000048   COMPRESSED   0x00000018   Data   RW          695    .data               heap_4.o
    0x20000060   COMPRESSED   0x00000004   Data   RW         1366    .data               glcd.o
    0x20000064   COMPRESSED   0x00000012   Data   RW         1685    .data               touchpanel.o
    0x20000076   COMPRESSED   0x00000002   PAD
    0x20000078   COMPRESSED   0x00000004   Data   RW         1775    .data               gui_x_touch.o
    0x2000007c   COMPRESSED   0x00000014   Data   RW         1854    .data               gui_x_ucos.o
    0x20000090   COMPRESSED   0x00000011   Data   RW         2009    .data               vs1003.o
    0x200000a1   COMPRESSED   0x00000003   PAD
    0x200000a4   COMPRESSED   0x0000002c   Data   RW         2185    .data               soundhandle.o
    0x200000d0   COMPRESSED   0x00000008   Data   RW         2485    .data               fsmc.o
    0x200000d8   COMPRESSED   0x0000001c   Data   RW         2685    .data               freertos.o
    0x200000f4   COMPRESSED   0x00000005   Data   RW         3074    .data               fatfs.o
    0x200000f9   COMPRESSED   0x00000003   PAD
    0x200000fc   COMPRESSED   0x00000010   Data   RW         3148    .data               sd_diskio.o
    0x2000010c   COMPRESSED   0x0000010c   Data   RW         3247    .data               filehandle.o
    0x20000218   COMPRESSED   0x00000004   Data   RW         3372    .data               system_stm32f4xx.o
    0x2000021c   COMPRESSED   0x00000004   Data   RW         3579    .data               stm32f4xx_hal.o
    0x20000220   COMPRESSED   0x00000008   Data   RW         5642    .data               ff.o
    0x20000228   COMPRESSED   0x0000000c   Data   RW         6186    .data               usergui.o
    0x20000234   COMPRESSED   0x00000014   Data   RW         6494    .data               uCGUI.lib(gui_onkey.o)
    0x20000248   COMPRESSED   0x00000020   Data   RW         6632    .data               uCGUI.lib(gui_touch_driveranalog.o)
    0x20000268   COMPRESSED   0x00000001   Data   RW         6718    .data               uCGUI.lib(guialloc.o)
    0x20000269   COMPRESSED   0x00000003   PAD
    0x2000026c   COMPRESSED   0x0000001c   Data   RW         6900    .data               uCGUI.lib(guicore.o)
    0x20000288   COMPRESSED   0x00000020   Data   RW         7166    .data               uCGUI.lib(button.o)
    0x200002a8   COMPRESSED   0x0000001c   Data   RW         7311    .data               uCGUI.lib(edit.o)
    0x200002c4   COMPRESSED   0x00000028   Data   RW         7495    .data               uCGUI.lib(listbox.o)
    0x200002ec   COMPRESSED   0x00000004   Data   RW         7986    .data               uCGUI.lib(slider.o)
    0x200002f0   COMPRESSED   0x00000031   Data   RW         8136    .data               uCGUI.lib(wm.o)
    0x20000321   COMPRESSED   0x00000003   PAD
    0x20000324   COMPRESSED   0x00000008   Data   RW         9046    .data               uCGUI.lib(gui_touch_storeunstable.o)
    0x2000032c   COMPRESSED   0x0000000c   Data   RW         9263    .data               uCGUI.lib(guitask.o)
    0x20000338   COMPRESSED   0x00000004   Data   RW         9385    .data               uCGUI.lib(lcd_api.o)
    0x2000033c   COMPRESSED   0x00000012   Data   RW         9622    .data               uCGUI.lib(scrollbar.o)
    0x2000034e   COMPRESSED   0x00000002   PAD
    0x20000350   COMPRESSED   0x00000004   Data   RW         9805    .data               uCGUI.lib(widget.o)
    0x20000354   COMPRESSED   0x00000010   Data   RW        10373    .data               uCGUI.lib(wmtouch.o)
    0x20000364   COMPRESSED   0x00000030   Data   RW        10675    .data               uCGUI.lib(guicurs.o)
    0x20000394        -       0x000000f0   Zero   RW          271    .bss                tasks.o
    0x20000484        -       0x00003c00   Zero   RW          694    .bss                heap_4.o
    0x20004084        -       0x00000040   Zero   RW         1230    .bss                queue.o
    0x200040c4        -       0x00000230   Zero   RW         2179    .bss                soundhandle.o
    0x200042f4        -       0x00000400   Zero   RW         2180    .bss                soundhandle.o
    0x200046f4        -       0x0000000c   Zero   RW         2181    .bss                soundhandle.o
    0x20004700        -       0x0000000c   Zero   RW         2182    .bss                soundhandle.o
    0x2000470c        -       0x0000000c   Zero   RW         2183    .bss                soundhandle.o
    0x20004718        -       0x00000050   Zero   RW         2484    .bss                fsmc.o
    0x20004768        -       0x00000168   Zero   RW         2627    .bss                spi.o
    0x200048d0        -       0x00000064   Zero   RW         2682    .bss                freertos.o
    0x20004934        -       0x00000144   Zero   RW         3026    .bss                sdio.o
    0x20004a78        -       0x0000035e   Zero   RW         3245    .bss                filehandle.o
    0x20004dd6   COMPRESSED   0x00000002   PAD
    0x20004dd8        -       0x00000020   Zero   RW         5640    .bss                ff.o
    0x20004df8        -       0x0000000c   Zero   RW         5934    .bss                ff_gen_drv.o
    0x20004e04        -       0x0000000c   Zero   RW         6178    .bss                usergui.o
    0x20004e10        -       0x0000000c   Zero   RW         6603    .bss                uCGUI.lib(gui_touch.o)
    0x20004e1c        -       0x00000010   Zero   RW         6631    .bss                uCGUI.lib(gui_touch_driveranalog.o)
    0x20004e2c        -       0x000030f4   Zero   RW         6717    .bss                uCGUI.lib(guialloc.o)
    0x20007f20        -       0x00000060   Zero   RW         6898    .bss                uCGUI.lib(guicore.o)
    0x20007f80        -       0x00000024   Zero   RW         8135    .bss                uCGUI.lib(wm.o)
    0x20007fa4        -       0x0000000c   Zero   RW         8968    .bss                uCGUI.lib(gui_pid.o)
    0x20007fb0        -       0x00000190   Zero   RW         9262    .bss                uCGUI.lib(guitask.o)
    0x20008140        -       0x00000200   Zero   RW         9443    .bss                uCGUI.lib(lcdcolor.o)
    0x20008340        -       0x0000000c   Zero   RW        10647    .bss                uCGUI.lib(gui_touch_storestate.o)
    0x2000834c   COMPRESSED   0x00000004   PAD
    0x20008350        -       0x00000400   Zero   RW         3403    STACK               startup_stm32f407xx.o


==============================================================================

Image component sizes


      Code (inc. data)   RO Data    RW Data    ZI Data      Debug   Object Name

        20          4       1520          0          0       1083   asciilib.o
       108          4          0          0          0       1973   audiofilehandle.o
       204         24          0          0          0       3794   bsp_driver_sd.o
      1080         44          0          0          0      33736   cmsis_os.o
         0          0          0          0          0       8096   croutine.o
       148         22          0          0          0       3837   diskio.o
        92          4          0          0          0        838   dma.o
         0          0          0          0          0     694160   event_groups.o
        32         10          0          5          0       3788   fatfs.o
      5522         82        156          8         32      45459   ff.o
        70          6          0          0         12       1683   ff_gen_drv.o
      1306        150          4        268        862      14600   filehandle.o
      1260        350        132         28        100      14518   freertos.o
       232         42          0          8         80       2259   fsmc.o
      6284         36          0          4          0      12723   glcd.o
      1946         62          0          0          0      21781   glcd_ucgui.o
       320         24          0          0          0       1123   gpio.o
        40          8          0          4          0       1984   gui_x_touch.o
       100         26         12         20          0       8332   gui_x_ucos.o
       644         94         24          0          0       3417   guidemo_touch.o
       460         24          0         24      15360       7455   heap_4.o
       136          0          0          0          0       3642   list.o
       208         10          0          0          0       2305   main.o
       758         84          0         12          0      12097   port.o
      1814         18          0          0         64      17852   queue.o
       412         40         28         16          0       7474   sd_diskio.o
       340         52          0          0        324       2368   sdio.o
      1460        252         16         44       1620      37022   soundhandle.o
       532        124          0          0        360       3124   spi.o
        36          8        392          0       1024        820   startup_stm32f407xx.o
       148         22          0          4          0       4515   stm32f4xx_hal.o
       218         14          0          0          0      31153   stm32f4xx_hal_cortex.o
       948         16          8          0          0       6610   stm32f4xx_hal_dma.o
       484         50          0          0          0       4419   stm32f4xx_hal_gpio.o
        88          0          0          0          0        538   stm32f4xx_hal_msp.o
      1164         54          0          0          0       4430   stm32f4xx_hal_rcc.o
      2814         40          0          0          0      18062   stm32f4xx_hal_sd.o
      1104         14          0          0          0       8513   stm32f4xx_hal_spi.o
        86          0          0          0          0       1244   stm32f4xx_hal_sram.o
        94         24          0          0          0       5796   stm32f4xx_it.o
       216         12          0          0          0       2771   stm32f4xx_ll_fsmc.o
      1694         42          0          0          0      24105   stm32f4xx_ll_sdmmc.o
        60          0          0          0          0       3464   syscall.o
        84         18         16          4          0       1207   system_stm32f4xx.o
      3344        284          0         60        240      33339   tasks.o
         0          0          0          0          0       2516   timers.o
       570         36          0         18          0       6204   touchpanel.o
      1104        130        224         12         12       8132   usergui.o
      1368        102          0         17          0       9691   vs1003.o

    ----------------------------------------------------------------------
     41206       2462       2564        564      20092    1150052   Object Totals
         0          0         32          0          0          0   (incl. Generated)
        54          0          0          8          2          0   (incl. Padding)

    ----------------------------------------------------------------------

      Code (inc. data)   RO Data    RW Data    ZI Data      Debug   Library Member Name

        86          0          0          0          0          0   __dczerorl2.o
         0          0          0          0          0          0   entry.o
         0          0          0          0          0          0   entry10a.o
         0          0          0          0          0          0   entry11a.o
         8          4          0          0          0          0   entry2.o
         4          0          0          0          0          0   entry5.o
         0          0          0          0          0          0   entry7b.o
         0          0          0          0          0          0   entry8b.o
         8          4          0          0          0          0   entry9a.o
        30          0          0          0          0          0   handlers.o
        36          8          0          0          0         68   init.o
         0          0          0          0          0          0   iusefp.o
        30          0          0          0          0         68   llshl.o
        36          0          0          0          0         68   llsshr.o
        32          0          0          0          0         68   llushr.o
        26          0          0          0          0         80   memcmp.o
        64          0          0          0          0         76   memmovea.o
        36          0          0          0          0        108   memseta.o
      2276         86          0          0          0        520   printfa.o
        28          0          0          0          0         76   strcmp.o
        18          0          0          0          0         68   strcpy.o
        14          0          0          0          0         68   strlen.o
        44          0          0          0          0         80   uidiv.o
        98          0          0          0          0         92   uldiv.o
        48          0          0          0          0         68   cdrcmple.o
       334          0          0          0          0        148   dadd.o
       222          0          0          0          0        100   ddiv.o
       186          0          0          0          0        176   depilogue.o
        48          0          0          0          0         68   dfixul.o
       228          0          0          0          0         96   dmul.o
        38          0          0          0          0         68   f2d.o
       754          8          0         32          0      12850   button.o
        44          0          0          0          0        756   button_create.o
      2052          8          0         28          0      14954   edit.o
        52          0          0          0          0        802   edit_create.o
         0          0       2152          0          0       6228   f13_1.o
         0          0       2080          0          0       6767   f13_ascii.o
         0          0       1844          0          0       2142   f6x8.o
       180          6          0          0          0       1315   gui2dlib.o
       196          0          0          0          0       1400   gui__calctextrect.o
        26          0          0          0          0        591   gui__divideround.o
        20          4          0          0          0        476   gui__getfontsizey.o
        26          0          0          0          0        563   gui__getnumchars.o
        24          0          0          0          0        648   gui__handleeoline.o
        66          0          0          0          0        893   gui__intersectrect.o
       144          0          0          0          0       1130   gui__intersectrects.o
        84          0          0          0          0        794   gui__memset.o
        78          0          0          0          0        800   gui__memset16.o
        34          0          0          0          0        894   gui__reducerect.o
        80          0          0          0          0        743   gui__settext.o
        80          4          0          0          0       1235   gui__strcmp.o
        22          0          0          0          0        538   gui__strlen.o
       166          8         40          0          0       2074   gui_adddecshift.o
        72          0          0          0          0        770   gui_alloc_allocinit.o
        42          0          0          0          0      28476   gui_alloc_alloczero.o
       252          0          0          0          0       3841   gui_array.o
        88          0          0          0          0       1223   gui_array_deleteitem.o
        26          0          0          0          0        834   gui_clearrectex.o
        48          6          0          0          0        475   gui_dispceol.o
       328          4          0          0          0        969   gui_dispstring.o
        40          6          0          0          0        639   gui_dispstringat.o
       480          6          0          0          0       6793   gui_dispstringinrect.o
        38          0          0          0          0       1025   gui_draw.o
       264         10          0          0          0       1869   gui_drawbitmap.o
       198          6          0          0          0       1512   gui_drawfocusrect.o
        96          6          0          0          0        656   gui_drawhline.o
        92          6          0          0          0        656   gui_drawvline.o
        56          4          0          0          0        987   gui_exec.o
       108          6          0          0          0        711   gui_fillrect.o
        26          0          0          0          0        829   gui_fillrectex.o
       170          0          0          0          0       1186   gui_getbitmappixelindex.o
        18          0          0          0          0        936   gui_getclientrect.o
        52          0          0          0          0       1004   gui_getcolor.o
        20          0          0          0          0        515   gui_getfontsizey.o
        22          0          0          0          0        569   gui_getstringdistx.o
        10          0          0          0          0        529   gui_getysizeoffont.o
        66          8          0          0          0       1505   gui_goto.o
       120          4          0          0          0        737   gui_invertrect.o
       138          0          0          0          0       1040   gui_mergerect.o
        36          0          0          0          0        863   gui_moverect.o
       104         18          0         20          0      17257   gui_onkey.o
        28          6          0          0          0        561   gui_pen.o
        80         20          0          0         12       2060   gui_pid.o
        58          0          0          0          0        977   gui_rectsintersect.o
        40          8          0          0          0       1391   gui_savecontext.o
        24          0          0          0          0        480   gui_selectlcd.o
        40          0          0          0          0       1032   gui_setcolor.o
        60          6          0          0          0        484   gui_setdefault.o
        24          0          0          0          0        574   gui_setdrawmode.o
        32          6          0          0          0        566   gui_setfont.o
        28          6          0          0          0        587   gui_setlinestyle.o
        32          4          0          0          0        571   gui_settextalign.o
        32          4          0          0          0        566   gui_settextmode.o
        64          8          0          0         12       1638   gui_touch.o
       586         72          0         32         16       6359   gui_touch_driveranalog.o
        48          6          0          0         12        627   gui_touch_storestate.o
        76         10          0          8          0        898   gui_touch_storeunstable.o
       208         26          0          0          0       3552   gui_uc.o
        30          0         16          0          0       2637   gui_uc_encodenone.o
      1020         74          0          1      12532      10002   guialloc.o
       180         20          0          0          0       2050   guichar.o
       440         24          0          0          0       3267   guicharline.o
       460         12          0          0          0       3115   guicharm.o
       394         10          0          0          0       3315   guicharp.o
       268         12          0          0          0       1333   guicirc.o
       290         32          8         28         96       6480   guicore.o
       880         62          0         48          0       5077   guicurs.o
      1106         46          0          0          0       8947   guidev.o
      2254         64         96          0          0      40872   guidev_16.o
       278          0          0          0          0       2262   guidev_banding.o
        72          6          0          0          0       1059   guidev_clear.o
        44          4          0          0          0        994   guidev_getysize.o
        56          6          0          0          0       1065   guidev_reduceysize.o
       108          4          0          0          0       1164   guidev_setorg.o
        88          0          0          0          0       1262   guidev_usage.o
       560          4         24          0          0       5222   guidev_usagebm.o
        88          0          0          0          0        820   guirealloc.o
       352         44          0         12        400       3285   guitask.o
        62          0          0          0          0       1062   guitime.o
        50          0          0          0          0       1213   guival.o
      1184         66          0          0          0       8856   lcd.o
         0          0         64          4          0        646   lcd_api.o
        92          4          0          0          0        636   lcd_drawvline.o
        24         12          0          0          0        954   lcd_getcolorindex.o
        54          0          0          0          0       2121   lcd_l0_generic.o
         0          0        256          0          0        566   lcd_mirror.o
        36         10          0          0          0        472   lcd_selectlcd.o
        32          4          0          0          0        876   lcd_setcliprectex.o
        36          4          0          0          0        497   lcd_updatecolorindices.o
        86          6          0          0        512       2374   lcdcolor.o
        16          0          0          0          0       1357   lcdinfo0.o
        32          0          0          0          0       1099   lcdpm565.o
        56          0          0          0          0        639   lcdpm565_index2color.o
      3526         10          0         40          0      32300   listbox.o
        48          0          0          0          0       1101   listbox_create.o
       118          0          0          0          0       2276   listbox_deleteitem.o
        38          0          0          0          0       1058   listbox_font.o
        90          0          0          0          0       1354   listbox_getitemtext.o
        38          0          0          0          0       1010   listbox_getnumitems.o
        90          0          0          0          0       1422   listbox_itemdisabled.o
       144          0          0          0          0       2044   listbox_multisel.o
        38          0          0          0          0        979   listbox_setownerdraw.o
      1838         18          0         18          0      13516   scrollbar.o
        66          0          0          0          0        711   scrollbar_create.o
        12          4          0          0          0        500   scrollbar_defaults.o
        38          0          0          0          0        633   scrollbar_setwidth.o
      1266         14          0          4          0      11147   slider.o
        46          0          0          0          0        836   slider_create.o
      1106          6          0          4          0      13416   widget.o
       414         14         24          0          0       5045   widget_effect_3d.o
       276          4          0          0          0       1431   widget_fillstringinrect.o
        64          0          0          0          0       1138   widget_setwidth.o
      4398        298          0         49         36      35074   wm.o
        60          0          0          0          0       1018   wm__foreachdesc.o
        32          0          0          0          0        562   wm__getfirstsibling.o
        54          0          0          0          0        933   wm__getprevsibling.o
        54          0          0          0          0       1001   wm__isancestor.o
        26          0          0          0          0        552   wm__isenabled.o
        36          0          0          0          0        950   wm__sendmessage.o
        24          0          0          0          0        603   wm__sendmessageifenabled.o
        40          0          0          0          0       1020   wm__sendmessagenopara.o
       390          0          0          0          0       1627   wm__updatechildpositions.o
        80          0          0          0          0        991   wm_bringtobottom.o
       144          6          0          0          0       2552   wm_bringtotop.o
        54          0          0          0          0       1491   wm_checkscrollpos.o
        84          8          0          0          0       1191   wm_criticalhandle.o
        28          0          0          0          0        925   wm_foreachdesc.o
        88          8          0          0          0       1472   wm_getclientrect.o
        12          4          0          0          0        478   wm_getdesktopwindow.o
       106          0          0          0          0       1647   wm_getdialogitem.o
        28          0          0          0          0        562   wm_getflags.o
        20          0          0          0          0        531   wm_getid.o
        46          6          0          0          0       1400   wm_getinsiderect.o
       190          0          0          0          0       1258   wm_getinsiderectexscrollbar.o
        28          0          0          0          0        539   wm_getparent.o
        28          0          0          0          0       1078   wm_getscrollbar.o
        42          0          0          0          0        602   wm_getscrollpartner.o
        22          0          0          0          0        900   wm_getscrollstate.o
        40          0          0          0          0       1029   wm_getwindowrect.o
       128          0          0          0          0       3050   wm_getwindowsize.o
        24          4          0          0          0        526   wm_hasfocus.o
        56          0          0          0          0        912   wm_hide.o
        32          0          0          0          0        598   wm_isfocussable.o
        24          0          0          0          0        542   wm_iswindow.o
       196          0          0          0          0       2169   wm_move.o
        22          0          0          0          0        590   wm_notifyparent.o
        64          6          0          0          0        667   wm_onkey.o
       242          0          0          0          0       1238   wm_resizewindow.o
       176          4          0          0          0       2386   wm_screen2win.o
        24          0          0          0          0        591   wm_sendmessagenopara.o
        40          0          0          0          0        634   wm_sendtoparent.o
       104         16          0          0          0       1520   wm_setcapture.o
       176          4          0          0          0        726   wm_setfocus.o
       158          0          0          0          0       3106   wm_setscrollbar.o
        28          0          0          0          0        920   wm_setscrollstate.o
       154          8          0          0          0       2023   wm_settrans.o
        32          6          0          0          0        897   wm_setusercliprect.o
        74          0          0          0          0        938   wm_setxsize.o
        74          0          0          0          0        938   wm_setysize.o
       554         22          0         16          0       5642   wmtouch.o

    ----------------------------------------------------------------------
     41178       1412       6604        352      13632     474198   Library Totals
        82          0          0          8          4          0   (incl. Padding)

    ----------------------------------------------------------------------

      Code (inc. data)   RO Data    RW Data    ZI Data      Debug   Library Name

      2874        102          0          0          0       1440   mc_w.l
      1104          0          0          0          0        724   mf_w.l
     37118       1310       6604        344      13628     472034   uCGUI.lib

    ----------------------------------------------------------------------
     41178       1412       6604        352      13632     474198   Library Totals

    ----------------------------------------------------------------------

==============================================================================


      Code (inc. data)   RO Data    RW Data    ZI Data      Debug   

     82384       3874       9168        916      33724    1560118   Grand Totals
     82384       3874       9168        148      33724    1560118   ELF Image Totals (compressed)
     82384       3874       9168        148          0          0   ROM Totals

==============================================================================

    Total RO  Size (Code + RO Data)                91552 (  89.41kB)
    Total RW  Size (RW Data + ZI Data)             34640 (  33.83kB)
    Total ROM Size (Code + RO Data + RW Data)      91700 (  89.55kB)

==============================================================================

